Archive member included to satisfy reference by file (symbol)

d:/systemworkbench/plugins/fr.ac6.mcu.externaltools.arm-none.win32_1.15.0.201708311556/tools/compiler/bin/../lib/gcc/arm-none-eabi/6.3.1/../../../../arm-none-eabi/lib/thumb/v7e-m/fpv4-sp/hard\libm.a(lib_a-w_pow.o)
                              Application/User/datalog_application.o (pow)
d:/systemworkbench/plugins/fr.ac6.mcu.externaltools.arm-none.win32_1.15.0.201708311556/tools/compiler/bin/../lib/gcc/arm-none-eabi/6.3.1/../../../../arm-none-eabi/lib/thumb/v7e-m/fpv4-sp/hard\libm.a(lib_a-e_pow.o)
                              d:/systemworkbench/plugins/fr.ac6.mcu.externaltools.arm-none.win32_1.15.0.201708311556/tools/compiler/bin/../lib/gcc/arm-none-eabi/6.3.1/../../../../arm-none-eabi/lib/thumb/v7e-m/fpv4-sp/hard\libm.a(lib_a-w_pow.o) (__ieee754_pow)
d:/systemworkbench/plugins/fr.ac6.mcu.externaltools.arm-none.win32_1.15.0.201708311556/tools/compiler/bin/../lib/gcc/arm-none-eabi/6.3.1/../../../../arm-none-eabi/lib/thumb/v7e-m/fpv4-sp/hard\libm.a(lib_a-e_sqrt.o)
                              d:/systemworkbench/plugins/fr.ac6.mcu.externaltools.arm-none.win32_1.15.0.201708311556/tools/compiler/bin/../lib/gcc/arm-none-eabi/6.3.1/../../../../arm-none-eabi/lib/thumb/v7e-m/fpv4-sp/hard\libm.a(lib_a-e_pow.o) (__ieee754_sqrt)
d:/systemworkbench/plugins/fr.ac6.mcu.externaltools.arm-none.win32_1.15.0.201708311556/tools/compiler/bin/../lib/gcc/arm-none-eabi/6.3.1/../../../../arm-none-eabi/lib/thumb/v7e-m/fpv4-sp/hard\libm.a(lib_a-s_fabs.o)
                              d:/systemworkbench/plugins/fr.ac6.mcu.externaltools.arm-none.win32_1.15.0.201708311556/tools/compiler/bin/../lib/gcc/arm-none-eabi/6.3.1/../../../../arm-none-eabi/lib/thumb/v7e-m/fpv4-sp/hard\libm.a(lib_a-e_pow.o) (fabs)
d:/systemworkbench/plugins/fr.ac6.mcu.externaltools.arm-none.win32_1.15.0.201708311556/tools/compiler/bin/../lib/gcc/arm-none-eabi/6.3.1/../../../../arm-none-eabi/lib/thumb/v7e-m/fpv4-sp/hard\libm.a(lib_a-s_finite.o)
                              d:/systemworkbench/plugins/fr.ac6.mcu.externaltools.arm-none.win32_1.15.0.201708311556/tools/compiler/bin/../lib/gcc/arm-none-eabi/6.3.1/../../../../arm-none-eabi/lib/thumb/v7e-m/fpv4-sp/hard\libm.a(lib_a-w_pow.o) (finite)
d:/systemworkbench/plugins/fr.ac6.mcu.externaltools.arm-none.win32_1.15.0.201708311556/tools/compiler/bin/../lib/gcc/arm-none-eabi/6.3.1/../../../../arm-none-eabi/lib/thumb/v7e-m/fpv4-sp/hard\libm.a(lib_a-s_lib_ver.o)
                              d:/systemworkbench/plugins/fr.ac6.mcu.externaltools.arm-none.win32_1.15.0.201708311556/tools/compiler/bin/../lib/gcc/arm-none-eabi/6.3.1/../../../../arm-none-eabi/lib/thumb/v7e-m/fpv4-sp/hard\libm.a(lib_a-w_pow.o) (__fdlib_version)
d:/systemworkbench/plugins/fr.ac6.mcu.externaltools.arm-none.win32_1.15.0.201708311556/tools/compiler/bin/../lib/gcc/arm-none-eabi/6.3.1/../../../../arm-none-eabi/lib/thumb/v7e-m/fpv4-sp/hard\libm.a(lib_a-s_matherr.o)
                              d:/systemworkbench/plugins/fr.ac6.mcu.externaltools.arm-none.win32_1.15.0.201708311556/tools/compiler/bin/../lib/gcc/arm-none-eabi/6.3.1/../../../../arm-none-eabi/lib/thumb/v7e-m/fpv4-sp/hard\libm.a(lib_a-w_pow.o) (matherr)
d:/systemworkbench/plugins/fr.ac6.mcu.externaltools.arm-none.win32_1.15.0.201708311556/tools/compiler/bin/../lib/gcc/arm-none-eabi/6.3.1/../../../../arm-none-eabi/lib/thumb/v7e-m/fpv4-sp/hard\libm.a(lib_a-s_nan.o)
                              d:/systemworkbench/plugins/fr.ac6.mcu.externaltools.arm-none.win32_1.15.0.201708311556/tools/compiler/bin/../lib/gcc/arm-none-eabi/6.3.1/../../../../arm-none-eabi/lib/thumb/v7e-m/fpv4-sp/hard\libm.a(lib_a-e_pow.o) (nan)
d:/systemworkbench/plugins/fr.ac6.mcu.externaltools.arm-none.win32_1.15.0.201708311556/tools/compiler/bin/../lib/gcc/arm-none-eabi/6.3.1/../../../../arm-none-eabi/lib/thumb/v7e-m/fpv4-sp/hard\libm.a(lib_a-s_rint.o)
                              d:/systemworkbench/plugins/fr.ac6.mcu.externaltools.arm-none.win32_1.15.0.201708311556/tools/compiler/bin/../lib/gcc/arm-none-eabi/6.3.1/../../../../arm-none-eabi/lib/thumb/v7e-m/fpv4-sp/hard\libm.a(lib_a-w_pow.o) (rint)
d:/systemworkbench/plugins/fr.ac6.mcu.externaltools.arm-none.win32_1.15.0.201708311556/tools/compiler/bin/../lib/gcc/arm-none-eabi/6.3.1/../../../../arm-none-eabi/lib/thumb/v7e-m/fpv4-sp/hard\libm.a(lib_a-s_scalbn.o)
                              d:/systemworkbench/plugins/fr.ac6.mcu.externaltools.arm-none.win32_1.15.0.201708311556/tools/compiler/bin/../lib/gcc/arm-none-eabi/6.3.1/../../../../arm-none-eabi/lib/thumb/v7e-m/fpv4-sp/hard\libm.a(lib_a-e_pow.o) (scalbn)
d:/systemworkbench/plugins/fr.ac6.mcu.externaltools.arm-none.win32_1.15.0.201708311556/tools/compiler/bin/../lib/gcc/arm-none-eabi/6.3.1/../../../../arm-none-eabi/lib/thumb/v7e-m/fpv4-sp/hard\libm.a(lib_a-s_copysign.o)
[...]
Memory Configuration

Name             Origin             Length             Attributes
FLASH            0x08000000         0x00100000         xr
RAM              0x20000000         0x00018000         xrw
*default*        0x00000000         0xffffffff

Linker script and memory map

LOAD d:/systemworkbench/plugins/fr.ac6.mcu.externaltools.arm-none.win32_1.15.0.201708311556/tools/compiler/bin/../lib/gcc/arm-none-eabi/6.3.1/thumb/v7e-m/fpv4-sp/hard/crti.o
LOAD d:/systemworkbench/plugins/fr.ac6.mcu.externaltools.arm-none.win32_1.15.0.201708311556/tools/compiler/bin/../lib/gcc/arm-none-eabi/6.3.1/thumb/v7e-m/fpv4-sp/hard/crtbegin.o
LOAD d:/systemworkbench/plugins/fr.ac6.mcu.externaltools.arm-none.win32_1.15.0.201708311556/tools/compiler/bin/../lib/gcc/arm-none-eabi/6.3.1/../../../../arm-none-eabi/lib/thumb/v7e-m/fpv4-sp/hard/crt0.o
LOAD Application/User/cube_hal_l4.o
LOAD Application/User/datalog_application.o
LOAD Application/User/main.o
LOAD Application/User/sd_diskio.o
LOAD Application/User/stm32l4xx_hal_msp.o
LOAD Application/User/stm32l4xx_it.o
LOAD Application/User/usbd_cdc_interface.o
LOAD Application/User/usbd_conf.o
LOAD Application/User/usbd_desc.o
LOAD Drivers/BSP/Components/hts221.o
LOAD Drivers/BSP/Components/hts221_reg.o
LOAD Drivers/BSP/Components/lps22hb.o
LOAD Drivers/BSP/Components/lps22hb_reg.o
LOAD Drivers/BSP/Components/lsm303agr.o
LOAD Drivers/BSP/Components/lsm303agr_reg.o
LOAD Drivers/BSP/Components/lsm6dsm.o
LOAD Drivers/BSP/Components/lsm6dsm_reg.o
LOAD Drivers/BSP/SensorTile/SensorTile.o
LOAD Drivers/BSP/SensorTile/SensorTile_bus.o
LOAD Drivers/BSP/SensorTile/SensorTile_env_sensors.o
LOAD Drivers/BSP/SensorTile/SensorTile_env_sensors_ex.o
LOAD Drivers/BSP/SensorTile/SensorTile_motion_sensors.o
LOAD Drivers/BSP/SensorTile/SensorTile_motion_sensors_ex.o
LOAD Drivers/BSP/SensorTile/SensorTile_sd.o
LOAD Drivers/CMSIS/system_stm32l4xx.o
LOAD Drivers/STM32L4xx_HAL_Driver/stm32l4xx_hal.o
LOAD Drivers/STM32L4xx_HAL_Driver/stm32l4xx_hal_cortex.o
LOAD Drivers/STM32L4xx_HAL_Driver/stm32l4xx_hal_dma.o
LOAD Drivers/STM32L4xx_HAL_Driver/stm32l4xx_hal_exti.o
LOAD Drivers/STM32L4xx_HAL_Driver/stm32l4xx_hal_gpio.o
LOAD Drivers/STM32L4xx_HAL_Driver/stm32l4xx_hal_i2c.o
LOAD Drivers/STM32L4xx_HAL_Driver/stm32l4xx_hal_i2c_ex.o
LOAD Drivers/STM32L4xx_HAL_Driver/stm32l4xx_hal_pcd.o
LOAD Drivers/STM32L4xx_HAL_Driver/stm32l4xx_hal_pcd_ex.o
LOAD Drivers/STM32L4xx_HAL_Driver/stm32l4xx_hal_pwr.o
LOAD Drivers/STM32L4xx_HAL_Driver/stm32l4xx_hal_pwr_ex.o
LOAD Drivers/STM32L4xx_HAL_Driver/stm32l4xx_hal_rcc.o
LOAD Drivers/STM32L4xx_HAL_Driver/stm32l4xx_hal_rcc_ex.o
LOAD Drivers/STM32L4xx_HAL_Driver/stm32l4xx_hal_rtc.o
LOAD Drivers/STM32L4xx_HAL_Driver/stm32l4xx_hal_spi.o
LOAD Drivers/STM32L4xx_HAL_Driver/stm32l4xx_hal_spi_ex.o
LOAD Drivers/STM32L4xx_HAL_Driver/stm32l4xx_hal_tim.o
LOAD Drivers/STM32L4xx_HAL_Driver/stm32l4xx_hal_tim_ex.o
LOAD Drivers/STM32L4xx_HAL_Driver/stm32l4xx_ll_usb.o
LOAD Example/SW4STM32/startup_stm32l476xx.o
LOAD Middlewares/FatFs/Core/diskio.o
LOAD Middlewares/FatFs/Core/ff.o
LOAD Middlewares/FatFs/Core/ff_gen_drv.o
LOAD Middlewares/FatFs/Options/syscall.o
LOAD Middlewares/FatFs/Options/unicode.o
LOAD Middlewares/FreeRTOS/CMSIS_RTOS/cmsis_os.o
LOAD Middlewares/FreeRTOS/list.o
LOAD Middlewares/FreeRTOS/queue.o
LOAD Middlewares/FreeRTOS/tasks.o
LOAD Middlewares/FreeRTOS/timers.o
LOAD Middlewares/FreeRTOS/portable/heap_4.o
LOAD Middlewares/FreeRTOS/portable/port.o
LOAD Middlewares/STM32_USBD_Library/Class/CDC/usbd_cdc.o
LOAD Middlewares/STM32_USBD_Library/Core/usbd_core.o
LOAD Middlewares/STM32_USBD_Library/Core/usbd_ctlreq.o
LOAD Middlewares/STM32_USBD_Library/Core/usbd_ioreq.o
LOAD d:/systemworkbench/plugins/fr.ac6.mcu.externaltools.arm-none.win32_1.15.0.201708311556/tools/compiler/bin/../lib/gcc/arm-none-eabi/6.3.1/../../../../arm-none-eabi/lib/thumb/v7e-m/fpv4-sp/hard\libm.a
START GROUP
LOAD d:/systemworkbench/plugins/fr.ac6.mcu.externaltools.arm-none.win32_1.15.0.201708311556/tools/compiler/bin/../lib/gcc/arm-none-eabi/6.3.1/thumb/v7e-m/fpv4-sp/hard\libgcc.a
LOAD d:/systemworkbench/plugins/fr.ac6.mcu.externaltools.arm-none.win32_1.15.0.201708311556/tools/compiler/bin/../lib/gcc/arm-none-eabi/6.3.1/../../../../arm-none-eabi/lib/thumb/v7e-m/fpv4-sp/hard\libc_nano.a
END GROUP
START GROUP
LOAD d:/systemworkbench/plugins/fr.ac6.mcu.externaltools.arm-none.win32_1.15.0.201708311556/tools/compiler/bin/../lib/gcc/arm-none-eabi/6.3.1/thumb/v7e-m/fpv4-sp/hard\libgcc.a
LOAD d:/systemworkbench/plugins/fr.ac6.mcu.externaltools.arm-none.win32_1.15.0.201708311556/tools/compiler/bin/../lib/gcc/arm-none-eabi/6.3.1/../../../../arm-none-eabi/lib/thumb/v7e-m/fpv4-sp/hard\libc_nano.a
LOAD d:/systemworkbench/plugins/fr.ac6.mcu.externaltools.arm-none.win32_1.15.0.201708311556/tools/compiler/bin/../lib/gcc/arm-none-eabi/6.3.1/../../../../arm-none-eabi/lib/thumb/v7e-m/fpv4-sp/hard\libnosys.a
END GROUP
START GROUP
LOAD d:/systemworkbench/plugins/fr.ac6.mcu.externaltools.arm-none.win32_1.15.0.201708311556/tools/compiler/bin/../lib/gcc/arm-none-eabi/6.3.1/thumb/v7e-m/fpv4-sp/hard\libgcc.a
LOAD d:/systemworkbench/plugins/fr.ac6.mcu.externaltools.arm-none.win32_1.15.0.201708311556/tools/compiler/bin/../lib/gcc/arm-none-eabi/6.3.1/../../../../arm-none-eabi/lib/thumb/v7e-m/fpv4-sp/hard\libc_nano.a
LOAD d:/systemworkbench/plugins/fr.ac6.mcu.externaltools.arm-none.win32_1.15.0.201708311556/tools/compiler/bin/../lib/gcc/arm-none-eabi/6.3.1/../../../../arm-none-eabi/lib/thumb/v7e-m/fpv4-sp/hard\libnosys.a
END GROUP
LOAD d:/systemworkbench/plugins/fr.ac6.mcu.externaltools.arm-none.win32_1.15.0.201708311556/tools/compiler/bin/../lib/gcc/arm-none-eabi/6.3.1/thumb/v7e-m/fpv4-sp/hard/crtend.o
LOAD d:/systemworkbench/plugins/fr.ac6.mcu.externaltools.arm-none.win32_1.15.0.201708311556/tools/compiler/bin/../lib/gcc/arm-none-eabi/6.3.1/thumb/v7e-m/fpv4-sp/hard/crtn.o
                0x20018000                _estack = 0x20018000
                0x00000200                _Min_Heap_Size = 0x200
                0x00000400                _Min_Stack_Size = 0x400

.isr_vector     0x08000000      0x188
                0x08000000                . = ALIGN (0x8)
 *(.isr_vector)
 .isr_vector    0x08000000      0x188 Example/SW4STM32/startup_stm32l476xx.o
                0x08000000                g_pfnVectors
                0x08000188                . = ALIGN (0x8)

.text           0x08000190    0x12330
                0x08000190                . = ALIGN (0x8)
 *(.text)
 .text          0x08000190       0x6c d:/systemworkbench/plugins/fr.ac6.mcu.externaltools.arm-none.win32_1.15.0.201708311556/tools/compiler/bin/../lib/gcc/arm-none-eabi/6.3.1/thumb/v7e-m/fpv4-sp/hard/crtbegin.o
 .text          0x080001fc      0x370 d:/systemworkbench/plugins/fr.ac6.mcu.externaltools.arm-none.win32_1.15.0.201708311556/tools/compiler/bin/../lib/gcc/arm-none-eabi/6.3.1/thumb/v7e-m/fpv4-sp/hard\libgcc.a(_arm_addsubdf3.o)
                0x080001fc                __aeabi_drsub
                0x08000204                __aeabi_dsub
                0x08000204                __subdf3
                0x08000208                __aeabi_dadd
                0x08000208                __adddf3
                0x08000480                __floatunsidf
                0x08000480                __aeabi_ui2d
                0x080004a0                __floatsidf
                0x080004a0                __aeabi_i2d
                0x080004c4                __aeabi_f2d
                0x080004c4                __extendsfdf2
                0x08000500                __floatundidf
                0x08000500                __aeabi_ul2d
                0x08000510                __floatdidf
                0x08000510                __aeabi_l2d
 .text          0x0800056c      0x424 d:/systemworkbench/plugins/fr.ac6.mcu.externaltools.arm-none.win32_1.15.0.201708311556/tools/compiler/bin/../lib/gcc/arm-none-eabi/6.3.1/thumb/v7e-m/fpv4-sp/hard\libgcc.a(_arm_muldivdf3.o)
                0x0800056c                __aeabi_dmul
                0x0800056c                __muldf3
                0x080007c0                __divdf3
                0x080007c0                __aeabi_ddiv
 .text          0x08000990      0x110 d:/systemworkbench/plugins/fr.ac6.mcu.externaltools.arm-none.win32_1.15.0.201708311556/tools/compiler/bin/../lib/gcc/arm-none-eabi/6.3.1/thumb/v7e-m/fpv4-sp/hard\libgcc.a(_arm_cmpdf2.o)
                0x08000990                __gtdf2
                0x08000990                __gedf2
                0x08000998                __ltdf2
                0x08000998                __ledf2
                0x080009a0                __nedf2
                0x080009a0                __eqdf2
                0x080009a0                __cmpdf2
                0x08000a1c                __aeabi_cdrcmple
                0x08000a2c                __aeabi_cdcmpeq
                0x08000a2c                __aeabi_cdcmple
                0x08000a3c                __aeabi_dcmpeq
                0x08000a50                __aeabi_dcmplt
                0x08000a64                __aeabi_dcmple
                0x08000a78                __aeabi_dcmpge
                0x08000a8c                __aeabi_dcmpgt
 .text          0x08000aa0       0x2c d:/systemworkbench/plugins/fr.ac6.mcu.externaltools.arm-none.win32_1.15.0.201708311556/tools/compiler/bin/../lib/gcc/arm-none-eabi/6.3.1/thumb/v7e-m/fpv4-sp/hard\libgcc.a(_arm_unorddf2.o)
                0x08000aa0                __unorddf2
                0x08000aa0                __aeabi_dcmpun
 .text          0x08000acc       0x50 d:/systemworkbench/plugins/fr.ac6.mcu.externaltools.arm-none.win32_1.15.0.201708311556/tools/compiler/bin/../lib/gcc/arm-none-eabi/6.3.1/thumb/v7e-m/fpv4-sp/hard\libgcc.a(_arm_fixdfsi.o)
                0x08000acc                __aeabi_d2iz
                0x08000acc                __fixdfsi
 .text          0x08000b1c       0x10 d:/systemworkbench/plugins/fr.ac6.mcu.externaltools.arm-none.win32_1.15.0.201708311556/tools/compiler/bin/../lib/gcc/arm-none-eabi/6.3.1/../../../../arm-none-eabi/lib/thumb/v7e-m/fpv4-sp/hard\libc_nano.a(lib_a-strlen.o)
                0x08000b1c                strlen
 *fill*         0x08000b2c        0x4 
 .text          0x08000b30       0xa0 d:/systemworkbench/plugins/fr.ac6.mcu.externaltools.arm-none.win32_1.15.0.201708311556/tools/compiler/bin/../lib/gcc/arm-none-eabi/6.3.1/../../../../arm-none-eabi/lib/thumb/v7e-m/fpv4-sp/hard\libc_nano.a(lib_a-memchr.o)
                0x08000b30                memchr
 *(.text*)
 .text.SystemClock_Config
                0x08000bd0       0xd0 Application/User/cube_hal_l4.o
                0x08000bd0                SystemClock_Config
 .text.DATALOG_SD_Init
                0x08000ca0       0x48 Application/User/datalog_application.o
                0x08000ca0                DATALOG_SD_Init
 .text.DATALOG_SD_Log_Enable
                0x08000ce8       0xd4 Application/User/datalog_application.o
                0x08000ce8                DATALOG_SD_Log_Enable
 .text.DATALOG_SD_writeBuf
                0x08000dbc       0x34 Application/User/datalog_application.o
                0x08000dbc                DATALOG_SD_writeBuf
 .text.DATALOG_SD_DeInit
                0x08000df0        0xc Application/User/datalog_application.o
                0x08000df0                DATALOG_SD_DeInit
 .text.getSensorsData
                0x08000dfc       0xe0 Application/User/datalog_application.o
                0x08000dfc                getSensorsData
 .text.MX_X_CUBE_MEMS1_Init
                0x08000edc       0xc0 Application/User/datalog_application.o
                0x08000edc                MX_X_CUBE_MEMS1_Init
 .text.GetData_Thread
                0x08000f9c       0xf0 Application/User/main.o
 .text.dataTimer_Callback
                0x0800108c        0xc Application/User/main.o
                0x0800108c                dataTimer_Callback
 .text.startup.main
                0x08001098       0x68 Application/User/main.o
                0x08001098                main
 .text.dataTimerStart
                0x08001100       0x30 Application/User/main.o
                0x08001100                dataTimerStart
 .text.WriteData_Thread
                0x08001130       0xa8 Application/User/main.o
 .text.HAL_GPIO_EXTI_Callback
                0x080011d8       0x18 Application/User/main.o
                0x080011d8                HAL_GPIO_EXTI_Callback
 .text.SD_initialize
                0x080011f0       0x20 Application/User/sd_diskio.o
                0x080011f0                SD_initialize
 .text.SD_status
                0x08001210       0x20 Application/User/sd_diskio.o
                0x08001210                SD_status
 .text.SD_read  0x08001230       0x38 Application/User/sd_diskio.o
                0x08001230                SD_read
 .text.SD_ioctl
                0x08001268       0x58 Application/User/sd_diskio.o
                0x08001268                SD_ioctl
 .text.SD_write
                0x080012c0       0x38 Application/User/sd_diskio.o
                0x080012c0                SD_write
 .text.HAL_MspInit
                0x080012f8       0x90 Application/User/stm32l4xx_hal_msp.o
                0x080012f8                HAL_MspInit
 .text.HAL_SPI_MspInit
                0x08001388       0x4c Application/User/stm32l4xx_hal_msp.o
                0x08001388                HAL_SPI_MspInit
 .text.HAL_SPI_MspDeInit
                0x080013d4       0x28 Application/User/stm32l4xx_hal_msp.o
                0x080013d4                HAL_SPI_MspDeInit
 .text.NMI_Handler
                0x080013fc        0x4 Application/User/stm32l4xx_it.o
                0x080013fc                NMI_Handler
 .text.HardFault_Handler
                0x08001400        0x4 Application/User/stm32l4xx_it.o
                0x08001400                HardFault_Handler
 .text.MemManage_Handler
                0x08001404        0x4 Application/User/stm32l4xx_it.o
                0x08001404                MemManage_Handler
 .text.BusFault_Handler
                0x08001408        0x4 Application/User/stm32l4xx_it.o
                0x08001408                BusFault_Handler
 .text.UsageFault_Handler
                0x0800140c        0x4 Application/User/stm32l4xx_it.o
                0x0800140c                UsageFault_Handler
 .text.DebugMon_Handler
                0x08001410        0x4 Application/User/stm32l4xx_it.o
                0x08001410                DebugMon_Handler
 .text.SysTick_Handler
                0x08001414       0x10 Application/User/stm32l4xx_it.o
                0x08001414                SysTick_Handler
 .text.OTG_FS_IRQHandler
                0x08001424        0xc Application/User/stm32l4xx_it.o
                0x08001424                OTG_FS_IRQHandler
 .text.DMA2_Channel2_IRQHandler
                0x08001430        0xc Application/User/stm32l4xx_it.o
                0x08001430                DMA2_Channel2_IRQHandler
 .text.TIM3_IRQHandler
                0x0800143c        0xc Application/User/stm32l4xx_it.o
                0x0800143c                TIM3_IRQHandler
 .text.EXTI2_IRQHandler
                0x08001448        0x8 Application/User/stm32l4xx_it.o
                0x08001448                EXTI2_IRQHandler
 .text.HAL_TIM_PeriodElapsedCallback
                0x08001450       0x44 Application/User/usbd_cdc_interface.o
                0x08001450                HAL_TIM_PeriodElapsedCallback
 .text.HAL_PCD_SetupStageCallback
                0x08001494        0xc Application/User/usbd_conf.o
                0x08001494                HAL_PCD_SetupStageCallback
 .text.HAL_PCD_DataOutStageCallback
                0x080014a0       0x14 Application/User/usbd_conf.o
                0x080014a0                HAL_PCD_DataOutStageCallback
 .text.HAL_PCD_DataInStageCallback
                0x080014b4       0x14 Application/User/usbd_conf.o
                0x080014b4                HAL_PCD_DataInStageCallback
 .text.HAL_PCD_SOFCallback
                0x080014c8        0x8 Application/User/usbd_conf.o
                0x080014c8                HAL_PCD_SOFCallback
 .text.HAL_PCD_ResetCallback
                0x080014d0       0x1c Application/User/usbd_conf.o
                0x080014d0                HAL_PCD_ResetCallback
 .text.HAL_PCD_SuspendCallback
                0x080014ec        0x8 Application/User/usbd_conf.o
                0x080014ec                HAL_PCD_SuspendCallback
 .text.HAL_PCD_ResumeCallback
                0x080014f4        0x8 Application/User/usbd_conf.o
                0x080014f4                HAL_PCD_ResumeCallback
 .text.HAL_PCD_ISOOUTIncompleteCallback
                0x080014fc        0x8 Application/User/usbd_conf.o
                0x080014fc                HAL_PCD_ISOOUTIncompleteCallback
 .text.HAL_PCD_ISOINIncompleteCallback
                0x08001504        0x8 Application/User/usbd_conf.o
                0x08001504                HAL_PCD_ISOINIncompleteCallback
 .text.HAL_PCD_ConnectCallback
                0x0800150c        0x8 Application/User/usbd_conf.o
                0x0800150c                HAL_PCD_ConnectCallback
 .text.HAL_PCD_DisconnectCallback
                0x08001514        0x8 Application/User/usbd_conf.o
                0x08001514                HAL_PCD_DisconnectCallback
 .text.USBD_LL_OpenEP
                0x0800151c       0x14 Application/User/usbd_conf.o
                0x0800151c                USBD_LL_OpenEP
 .text.USBD_LL_StallEP
                0x08001530       0x10 Application/User/usbd_conf.o
                0x08001530                USBD_LL_StallEP
 .text.USBD_LL_ClearStallEP
                0x08001540       0x10 Application/User/usbd_conf.o
                0x08001540                USBD_LL_ClearStallEP
 .text.USBD_LL_IsStallEP
                0x08001550       0x28 Application/User/usbd_conf.o
                0x08001550                USBD_LL_IsStallEP
 .text.USBD_LL_SetUSBAddress
                0x08001578       0x10 Application/User/usbd_conf.o
                0x08001578                USBD_LL_SetUSBAddress
 .text.USBD_LL_Transmit
                0x08001588       0x10 Application/User/usbd_conf.o
                0x08001588                USBD_LL_Transmit
 .text.USBD_LL_PrepareReceive
                0x08001598       0x10 Application/User/usbd_conf.o
                0x08001598                USBD_LL_PrepareReceive
 .text.HTS221_GetCapabilities
                0x080015a8       0x18 Drivers/BSP/Components/hts221.o
                0x080015a8                HTS221_GetCapabilities
 .text.HTS221_HUM_Enable
                0x080015c0       0x34 Drivers/BSP/Components/hts221.o
                0x080015c0                HTS221_HUM_Enable
 .text.HTS221_TEMP_Enable
                0x080015f4       0x34 Drivers/BSP/Components/hts221.o
                0x080015f4                HTS221_TEMP_Enable
 .text.HTS221_Init
                0x08001628       0x3c Drivers/BSP/Components/hts221.o
                0x08001628                HTS221_Init
 .text.HTS221_TEMP_SetOutputDataRate
                0x08001664       0x38 Drivers/BSP/Components/hts221.o
                0x08001664                HTS221_TEMP_SetOutputDataRate
 .text.HTS221_ReadID
                0x0800169c       0x14 Drivers/BSP/Components/hts221.o
                0x0800169c                HTS221_ReadID
 .text.HTS221_HUM_GetHumidity
                0x080016b0       0xe4 Drivers/BSP/Components/hts221.o
                0x080016b0                HTS221_HUM_GetHumidity
 .text.HTS221_TEMP_GetTemperature
                0x08001794       0xb4 Drivers/BSP/Components/hts221.o
                0x08001794                HTS221_TEMP_GetTemperature
 .text.ReadRegWrap
                0x08001848       0x1c Drivers/BSP/Components/hts221.o
 .text.WriteRegWrap
                0x08001864       0x1c Drivers/BSP/Components/hts221.o
 .text.HTS221_DeInit
                0x08001880       0x58 Drivers/BSP/Components/hts221.o
                0x08001880                HTS221_DeInit
 .text.HTS221_HUM_GetOutputDataRate
                0x080018d8       0x54 Drivers/BSP/Components/hts221.o
                0x080018d8                HTS221_HUM_GetOutputDataRate
 .text.HTS221_TEMP_Disable
                0x0800192c       0x30 Drivers/BSP/Components/hts221.o
                0x0800192c                HTS221_TEMP_Disable
 .text.HTS221_HUM_Disable
                0x0800195c       0x30 Drivers/BSP/Components/hts221.o
                0x0800195c                HTS221_HUM_Disable
 .text.HTS221_TEMP_GetOutputDataRate
                0x0800198c       0x54 Drivers/BSP/Components/hts221.o
                0x0800198c                HTS221_TEMP_GetOutputDataRate
 .text.HTS221_HUM_SetOutputDataRate
                0x080019e0       0x38 Drivers/BSP/Components/hts221.o
                0x080019e0                HTS221_HUM_SetOutputDataRate
 .text.HTS221_RegisterBusIO
                0x08001a18       0x48 Drivers/BSP/Components/hts221.o
                0x08001a18                HTS221_RegisterBusIO
 .text.hts221_data_rate_set
                0x08001a60       0x34 Drivers/BSP/Components/hts221_reg.o
                0x08001a60                hts221_data_rate_set
 .text.hts221_data_rate_get
                0x08001a94       0x50 Drivers/BSP/Components/hts221_reg.o
                0x08001a94                hts221_data_rate_get
 .text.hts221_block_data_update_set
                0x08001ae4       0x34 Drivers/BSP/Components/hts221_reg.o
                0x08001ae4                hts221_block_data_update_set
 .text.hts221_humidity_raw_get
                0x08001b18       0x14 Drivers/BSP/Components/hts221_reg.o
                0x08001b18                hts221_humidity_raw_get
 .text.hts221_temperature_raw_get
                0x08001b2c       0x14 Drivers/BSP/Components/hts221_reg.o
                0x08001b2c                hts221_temperature_raw_get
 .text.hts221_device_id_get
                0x08001b40       0x14 Drivers/BSP/Components/hts221_reg.o
                0x08001b40                hts221_device_id_get
 .text.hts221_power_on_set
                0x08001b54       0x34 Drivers/BSP/Components/hts221_reg.o
                0x08001b54                hts221_power_on_set
 .text.hts221_hum_rh_point_0_get
                0x08001b88       0x18 Drivers/BSP/Components/hts221_reg.o
                0x08001b88                hts221_hum_rh_point_0_get
 .text.hts221_hum_rh_point_1_get
                0x08001ba0       0x18 Drivers/BSP/Components/hts221_reg.o
                0x08001ba0                hts221_hum_rh_point_1_get
 .text.hts221_temp_deg_point_0_get
                0x08001bb8       0x3c Drivers/BSP/Components/hts221_reg.o
                0x08001bb8                hts221_temp_deg_point_0_get
 .text.hts221_temp_deg_point_1_get
                0x08001bf4       0x3c Drivers/BSP/Components/hts221_reg.o
                0x08001bf4                hts221_temp_deg_point_1_get
 .text.hts221_hum_adc_point_0_get
                0x08001c30       0x14 Drivers/BSP/Components/hts221_reg.o
                0x08001c30                hts221_hum_adc_point_0_get
 .text.hts221_hum_adc_point_1_get
                0x08001c44       0x14 Drivers/BSP/Components/hts221_reg.o
                0x08001c44                hts221_hum_adc_point_1_get
 .text.hts221_temp_adc_point_0_get
                0x08001c58       0x14 Drivers/BSP/Components/hts221_reg.o
                0x08001c58                hts221_temp_adc_point_0_get
 .text.hts221_temp_adc_point_1_get
                0x08001c6c       0x14 Drivers/BSP/Components/hts221_reg.o
                0x08001c6c                hts221_temp_adc_point_1_get
 .text.LPS22HB_GetCapabilities
                0x08001c80       0x18 Drivers/BSP/Components/lps22hb.o
                0x08001c80                LPS22HB_GetCapabilities
 .text.LPS22HB_Init
                0x08001c98       0x6c Drivers/BSP/Components/lps22hb.o
                0x08001c98                LPS22HB_Init
 .text.LPS22HB_ReadID
                0x08001d04       0x14 Drivers/BSP/Components/lps22hb.o
                0x08001d04                LPS22HB_ReadID
 .text.LPS22HB_TEMP_SetOutputDataRate
                0x08001d18       0xd4 Drivers/BSP/Components/lps22hb.o
                0x08001d18                LPS22HB_TEMP_SetOutputDataRate
 .text.LPS22HB_PRESS_GetPressure
                0x08001dec       0x2c Drivers/BSP/Components/lps22hb.o
                0x08001dec                LPS22HB_PRESS_GetPressure
 .text.LPS22HB_TEMP_GetTemperature
                0x08001e18       0x3c Drivers/BSP/Components/lps22hb.o
                0x08001e18                LPS22HB_TEMP_GetTemperature
 .text.ReadRegWrap
                0x08001e54       0x50 Drivers/BSP/Components/lps22hb.o
 .text.WriteRegWrap
                0x08001ea4       0x50 Drivers/BSP/Components/lps22hb.o
 .text.LPS22HB_PRESS_Enable
                0x08001ef4       0x2c Drivers/BSP/Components/lps22hb.o
                0x08001ef4                LPS22HB_PRESS_Enable
 .text.LPS22HB_TEMP_Enable
                0x08001f20       0x2c Drivers/BSP/Components/lps22hb.o
                0x08001f20                LPS22HB_TEMP_Enable
 .text.LPS22HB_DeInit
                0x08001f4c       0x78 Drivers/BSP/Components/lps22hb.o
                0x08001f4c                LPS22HB_DeInit
 .text.LPS22HB_PRESS_GetOutputDataRate
                0x08001fc4       0x6c Drivers/BSP/Components/lps22hb.o
                0x08001fc4                LPS22HB_PRESS_GetOutputDataRate
 .text.LPS22HB_TEMP_GetOutputDataRate
                0x08002030       0x6c Drivers/BSP/Components/lps22hb.o
                0x08002030                LPS22HB_TEMP_GetOutputDataRate
 .text.LPS22HB_TEMP_Disable
                0x0800209c       0x40 Drivers/BSP/Components/lps22hb.o
                0x0800209c                LPS22HB_TEMP_Disable
 .text.LPS22HB_PRESS_Disable
                0x080020dc       0x40 Drivers/BSP/Components/lps22hb.o
                0x080020dc                LPS22HB_PRESS_Disable
 .text.LPS22HB_PRESS_SetOutputDataRate
                0x0800211c       0xd4 Drivers/BSP/Components/lps22hb.o
                0x0800211c                LPS22HB_PRESS_SetOutputDataRate
 .text.LPS22HB_RegisterBusIO
                0x080021f0       0x7c Drivers/BSP/Components/lps22hb.o
                0x080021f0                LPS22HB_RegisterBusIO
 .text.LPS22HB_Write_Reg
                0x0800226c       0x20 Drivers/BSP/Components/lps22hb.o
                0x0800226c                LPS22HB_Write_Reg
 .text.lps22hb_write_reg
                0x0800228c       0x10 Drivers/BSP/Components/lps22hb_reg.o
                0x0800228c                lps22hb_write_reg
 .text.lps22hb_block_data_update_set
                0x0800229c       0x30 Drivers/BSP/Components/lps22hb_reg.o
                0x0800229c                lps22hb_block_data_update_set
 .text.lps22hb_low_pass_filter_mode_set
                0x080022cc       0x30 Drivers/BSP/Components/lps22hb_reg.o
                0x080022cc                lps22hb_low_pass_filter_mode_set
 .text.lps22hb_data_rate_set
                0x080022fc       0x30 Drivers/BSP/Components/lps22hb_reg.o
                0x080022fc                lps22hb_data_rate_set
 .text.lps22hb_data_rate_get
                0x0800232c       0x20 Drivers/BSP/Components/lps22hb_reg.o
                0x0800232c                lps22hb_data_rate_get
 .text.lps22hb_pressure_raw_get
                0x0800234c       0x14 Drivers/BSP/Components/lps22hb_reg.o
                0x0800234c                lps22hb_pressure_raw_get
 .text.lps22hb_temperature_raw_get
                0x08002360       0x14 Drivers/BSP/Components/lps22hb_reg.o
                0x08002360                lps22hb_temperature_raw_get
 .text.lps22hb_device_id_get
                0x08002374       0x14 Drivers/BSP/Components/lps22hb_reg.o
                0x08002374                lps22hb_device_id_get
 .text.lps22hb_boot_set
                0x08002388       0x30 Drivers/BSP/Components/lps22hb_reg.o
                0x08002388                lps22hb_boot_set
 .text.lps22hb_low_power_set
                0x080023b8       0x30 Drivers/BSP/Components/lps22hb_reg.o
                0x080023b8                lps22hb_low_power_set
 .text.lps22hb_i2c_interface_set
                0x080023e8       0x30 Drivers/BSP/Components/lps22hb_reg.o
                0x080023e8                lps22hb_i2c_interface_set
 .text.lps22hb_auto_add_inc_set
                0x08002418       0x30 Drivers/BSP/Components/lps22hb_reg.o
                0x08002418                lps22hb_auto_add_inc_set
 .text.LSM303AGR_ACC_GetCapabilities
                0x08002448       0x24 Drivers/BSP/Components/lsm303agr.o
                0x08002448                LSM303AGR_ACC_GetCapabilities
 .text.LSM303AGR_MAG_GetCapabilities
                0x0800246c       0x28 Drivers/BSP/Components/lsm303agr.o
                0x0800246c                LSM303AGR_MAG_GetCapabilities
 .text.LSM303AGR_MAG_GetSensitivity
                0x08002494        0xc Drivers/BSP/Components/lsm303agr.o
                0x08002494                LSM303AGR_MAG_GetSensitivity
 .text.LSM303AGR_MAG_GetFullScale
                0x080024a0        0x8 Drivers/BSP/Components/lsm303agr.o
                0x080024a0                LSM303AGR_MAG_GetFullScale
 .text.LSM303AGR_MAG_SetFullScale
                0x080024a8        0x4 Drivers/BSP/Components/lsm303agr.o
                0x080024a8                LSM303AGR_MAG_SetFullScale
 .text.LSM303AGR_ACC_SetOutputDataRate
                0x080024ac      0x108 Drivers/BSP/Components/lsm303agr.o
                0x080024ac                LSM303AGR_ACC_SetOutputDataRate
 .text.LSM303AGR_ACC_Init
                0x080025b4       0x44 Drivers/BSP/Components/lsm303agr.o
                0x080025b4                LSM303AGR_ACC_Init
 .text.LSM303AGR_ACC_SetFullScale
                0x080025f8       0x2c Drivers/BSP/Components/lsm303agr.o
                0x080025f8                LSM303AGR_ACC_SetFullScale
 .text.LSM303AGR_ACC_ReadID
                0x08002624       0x14 Drivers/BSP/Components/lsm303agr.o
                0x08002624                LSM303AGR_ACC_ReadID
 .text.LSM303AGR_ACC_GetOutputDataRate
                0x08002638       0xc8 Drivers/BSP/Components/lsm303agr.o
                0x08002638                LSM303AGR_ACC_GetOutputDataRate
 .text.LSM303AGR_ACC_GetFullScale
                0x08002700       0x48 Drivers/BSP/Components/lsm303agr.o
                0x08002700                LSM303AGR_ACC_GetFullScale
 .text.LSM303AGR_ACC_GetAxesRaw
                0x08002748       0x5c Drivers/BSP/Components/lsm303agr.o
                0x08002748                LSM303AGR_ACC_GetAxesRaw
 .text.LSM303AGR_MAG_SetOutputDataRate
                0x080027a4       0x4c Drivers/BSP/Components/lsm303agr.o
                0x080027a4                LSM303AGR_MAG_SetOutputDataRate
 .text.LSM303AGR_MAG_Init
                0x080027f0       0x40 Drivers/BSP/Components/lsm303agr.o
                0x080027f0                LSM303AGR_MAG_Init
 .text.LSM303AGR_MAG_ReadID
                0x08002830       0x14 Drivers/BSP/Components/lsm303agr.o
                0x08002830                LSM303AGR_MAG_ReadID
 .text.LSM303AGR_MAG_GetOutputDataRate
                0x08002844       0x58 Drivers/BSP/Components/lsm303agr.o
                0x08002844                LSM303AGR_MAG_GetOutputDataRate
 .text.LSM303AGR_MAG_GetAxesRaw
                0x0800289c       0x2c Drivers/BSP/Components/lsm303agr.o
                0x0800289c                LSM303AGR_MAG_GetAxesRaw
 .text.LSM303AGR_MAG_GetAxes
                0x080028c8       0x68 Drivers/BSP/Components/lsm303agr.o
                0x080028c8                LSM303AGR_MAG_GetAxes
 .text.ReadMagRegWrap
                0x08002930       0x1c Drivers/BSP/Components/lsm303agr.o
 .text.WriteMagRegWrap
                0x0800294c       0x1c Drivers/BSP/Components/lsm303agr.o
 .text.LSM303AGR_ACC_Enable
                0x08002968       0x2c Drivers/BSP/Components/lsm303agr.o
                0x08002968                LSM303AGR_ACC_Enable
 .text.LSM303AGR_ACC_DeInit
                0x08002994       0x48 Drivers/BSP/Components/lsm303agr.o
                0x08002994                LSM303AGR_ACC_DeInit
 .text.LSM303AGR_ACC_GetSensitivity
                0x080029dc       0xe8 Drivers/BSP/Components/lsm303agr.o
                0x080029dc                LSM303AGR_ACC_GetSensitivity
 .text.LSM303AGR_MAG_Enable
                0x08002ac4       0x28 Drivers/BSP/Components/lsm303agr.o
                0x08002ac4                LSM303AGR_MAG_Enable
 .text.LSM303AGR_MAG_DeInit
                0x08002aec       0x30 Drivers/BSP/Components/lsm303agr.o
                0x08002aec                LSM303AGR_MAG_DeInit
 .text.LSM303AGR_MAG_Disable
                0x08002b1c       0x24 Drivers/BSP/Components/lsm303agr.o
                0x08002b1c                LSM303AGR_MAG_Disable
 .text.LSM303AGR_ACC_Disable
                0x08002b40       0x34 Drivers/BSP/Components/lsm303agr.o
                0x08002b40                LSM303AGR_ACC_Disable
 .text.LSM303AGR_ACC_GetAxes
                0x08002b74      0x178 Drivers/BSP/Components/lsm303agr.o
                0x08002b74                LSM303AGR_ACC_GetAxes
 .text.LSM303AGR_MAG_RegisterBusIO
                0x08002cec       0x68 Drivers/BSP/Components/lsm303agr.o
                0x08002cec                LSM303AGR_MAG_RegisterBusIO
 .text.lsm303agr_xl_operating_mode_get
                0x08002d54       0x48 Drivers/BSP/Components/lsm303agr_reg.o
                0x08002d54                lsm303agr_xl_operating_mode_get
 .text.lsm303agr_xl_data_rate_set
                0x08002d9c       0x30 Drivers/BSP/Components/lsm303agr_reg.o
                0x08002d9c                lsm303agr_xl_data_rate_set
 .text.lsm303agr_xl_data_rate_get
                0x08002dcc       0x20 Drivers/BSP/Components/lsm303agr_reg.o
                0x08002dcc                lsm303agr_xl_data_rate_get
 .text.lsm303agr_xl_full_scale_set
                0x08002dec       0x30 Drivers/BSP/Components/lsm303agr_reg.o
                0x08002dec                lsm303agr_xl_full_scale_set
 .text.lsm303agr_xl_full_scale_get
                0x08002e1c       0x20 Drivers/BSP/Components/lsm303agr_reg.o
                0x08002e1c                lsm303agr_xl_full_scale_get
 .text.lsm303agr_xl_block_data_update_set
                0x08002e3c       0x30 Drivers/BSP/Components/lsm303agr_reg.o
                0x08002e3c                lsm303agr_xl_block_data_update_set
 .text.lsm303agr_acceleration_raw_get
                0x08002e6c       0x14 Drivers/BSP/Components/lsm303agr_reg.o
                0x08002e6c                lsm303agr_acceleration_raw_get
 .text.lsm303agr_mag_operating_mode_set
                0x08002e80       0x30 Drivers/BSP/Components/lsm303agr_reg.o
                0x08002e80                lsm303agr_mag_operating_mode_set
 .text.lsm303agr_mag_data_rate_set
                0x08002eb0       0x30 Drivers/BSP/Components/lsm303agr_reg.o
                0x08002eb0                lsm303agr_mag_data_rate_set
 .text.lsm303agr_mag_data_rate_get
                0x08002ee0       0x20 Drivers/BSP/Components/lsm303agr_reg.o
                0x08002ee0                lsm303agr_mag_data_rate_get
 .text.lsm303agr_mag_block_data_update_set
                0x08002f00       0x30 Drivers/BSP/Components/lsm303agr_reg.o
                0x08002f00                lsm303agr_mag_block_data_update_set
 .text.lsm303agr_magnetic_raw_get
                0x08002f30       0x14 Drivers/BSP/Components/lsm303agr_reg.o
                0x08002f30                lsm303agr_magnetic_raw_get
 .text.lsm303agr_xl_device_id_get
                0x08002f44       0x14 Drivers/BSP/Components/lsm303agr_reg.o
                0x08002f44                lsm303agr_xl_device_id_get
 .text.lsm303agr_mag_device_id_get
                0x08002f58       0x14 Drivers/BSP/Components/lsm303agr_reg.o
                0x08002f58                lsm303agr_mag_device_id_get
 .text.lsm303agr_mag_self_test_set
                0x08002f6c       0x30 Drivers/BSP/Components/lsm303agr_reg.o
                0x08002f6c                lsm303agr_mag_self_test_set
 .text.lsm303agr_xl_fifo_mode_set
                0x08002f9c       0x30 Drivers/BSP/Components/lsm303agr_reg.o
                0x08002f9c                lsm303agr_xl_fifo_mode_set
 .text.lsm303agr_mag_i2c_interface_set
                0x08002fcc       0x30 Drivers/BSP/Components/lsm303agr_reg.o
                0x08002fcc                lsm303agr_mag_i2c_interface_set
 .text.LSM6DSM_GetCapabilities
                0x08002ffc       0x28 Drivers/BSP/Components/lsm6dsm.o
                0x08002ffc                LSM6DSM_GetCapabilities
 .text.ReadRegWrap
                0x08003024       0x10 Drivers/BSP/Components/lsm6dsm.o
 .text.WriteRegWrap
                0x08003034       0x10 Drivers/BSP/Components/lsm6dsm.o
 .text.LSM6DSM_ACC_SetFullScale
                0x08003044       0x2c Drivers/BSP/Components/lsm6dsm.o
                0x08003044                LSM6DSM_ACC_SetFullScale
 .text.LSM6DSM_Init
                0x08003070       0x68 Drivers/BSP/Components/lsm6dsm.o
                0x08003070                LSM6DSM_Init
 .text.LSM6DSM_GYRO_SetFullScale
                0x080030d8       0x38 Drivers/BSP/Components/lsm6dsm.o
                0x080030d8                LSM6DSM_GYRO_SetFullScale
 .text.LSM6DSM_ReadID
                0x08003110       0x14 Drivers/BSP/Components/lsm6dsm.o
                0x08003110                LSM6DSM_ReadID
 .text.LSM6DSM_ACC_GetOutputDataRate
                0x08003124       0xa8 Drivers/BSP/Components/lsm6dsm.o
                0x08003124                LSM6DSM_ACC_GetOutputDataRate
 .text.LSM6DSM_ACC_GetSensitivity
                0x080031cc       0x58 Drivers/BSP/Components/lsm6dsm.o
                0x080031cc                LSM6DSM_ACC_GetSensitivity
 .text.LSM6DSM_ACC_GetFullScale
                0x08003224       0x48 Drivers/BSP/Components/lsm6dsm.o
                0x08003224                LSM6DSM_ACC_GetFullScale
 .text.LSM6DSM_ACC_GetAxesRaw
                0x0800326c       0x2c Drivers/BSP/Components/lsm6dsm.o
                0x0800326c                LSM6DSM_ACC_GetAxesRaw
 .text.LSM6DSM_GYRO_GetOutputDataRate
                0x08003298       0xa0 Drivers/BSP/Components/lsm6dsm.o
                0x08003298                LSM6DSM_GYRO_GetOutputDataRate
 .text.LSM6DSM_GYRO_GetSensitivity
                0x08003338       0x6c Drivers/BSP/Components/lsm6dsm.o
                0x08003338                LSM6DSM_GYRO_GetSensitivity
 .text.LSM6DSM_GYRO_GetFullScale
                0x080033a4       0x5c Drivers/BSP/Components/lsm6dsm.o
                0x080033a4                LSM6DSM_GYRO_GetFullScale
 .text.LSM6DSM_GYRO_GetAxesRaw
                0x08003400       0x2c Drivers/BSP/Components/lsm6dsm.o
                0x08003400                LSM6DSM_GYRO_GetAxesRaw
 .text.LSM6DSM_GYRO_SetOutputDataRate
                0x0800342c      0x184 Drivers/BSP/Components/lsm6dsm.o
                0x0800342c                LSM6DSM_GYRO_SetOutputDataRate
 .text.LSM6DSM_ACC_Enable
                0x080035b0       0x2c Drivers/BSP/Components/lsm6dsm.o
                0x080035b0                LSM6DSM_ACC_Enable
 .text.LSM6DSM_GYRO_Enable
                0x080035dc       0x2c Drivers/BSP/Components/lsm6dsm.o
                0x080035dc                LSM6DSM_GYRO_Enable
 .text.LSM6DSM_DeInit
                0x08003608       0x6c Drivers/BSP/Components/lsm6dsm.o
                0x08003608                LSM6DSM_DeInit
 .text.LSM6DSM_ACC_SetOutputDataRate
                0x08003674      0x184 Drivers/BSP/Components/lsm6dsm.o
                0x08003674                LSM6DSM_ACC_SetOutputDataRate
 .text.LSM6DSM_GYRO_Disable
                0x080037f8       0x34 Drivers/BSP/Components/lsm6dsm.o
                0x080037f8                LSM6DSM_GYRO_Disable
 .text.LSM6DSM_ACC_Disable
                0x0800382c       0x34 Drivers/BSP/Components/lsm6dsm.o
                0x0800382c                LSM6DSM_ACC_Disable
 .text.LSM6DSM_ACC_GetAxes
                0x08003860       0xac Drivers/BSP/Components/lsm6dsm.o
                0x08003860                LSM6DSM_ACC_GetAxes
 .text.LSM6DSM_GYRO_GetAxes
                0x0800390c       0xb8 Drivers/BSP/Components/lsm6dsm.o
                0x0800390c                LSM6DSM_GYRO_GetAxes
 .text.LSM6DSM_RegisterBusIO
                0x080039c4       0x7c Drivers/BSP/Components/lsm6dsm.o
                0x080039c4                LSM6DSM_RegisterBusIO
 .text.LSM6DSM_ACC_Enable_Double_Tap_Detection
                0x08003a40       0xf0 Drivers/BSP/Components/lsm6dsm.o
                0x08003a40                LSM6DSM_ACC_Enable_Double_Tap_Detection
 .text.lsm6dsm_write_reg
                0x08003b30       0x10 Drivers/BSP/Components/lsm6dsm_reg.o
                0x08003b30                lsm6dsm_write_reg
 .text.lsm6dsm_xl_full_scale_set
                0x08003b40       0x34 Drivers/BSP/Components/lsm6dsm_reg.o
                0x08003b40                lsm6dsm_xl_full_scale_set
 .text.lsm6dsm_xl_full_scale_get
                0x08003b74       0x50 Drivers/BSP/Components/lsm6dsm_reg.o
                0x08003b74                lsm6dsm_xl_full_scale_get
 .text.lsm6dsm_xl_data_rate_set
                0x08003bc4       0x34 Drivers/BSP/Components/lsm6dsm_reg.o
                0x08003bc4                lsm6dsm_xl_data_rate_set
 .text.lsm6dsm_xl_data_rate_get
                0x08003bf8       0x7c Drivers/BSP/Components/lsm6dsm_reg.o
                0x08003bf8                lsm6dsm_xl_data_rate_get
 .text.lsm6dsm_gy_full_scale_set
                0x08003c74       0x34 Drivers/BSP/Components/lsm6dsm_reg.o
                0x08003c74                lsm6dsm_gy_full_scale_set
 .text.lsm6dsm_gy_full_scale_get
                0x08003ca8       0x5c Drivers/BSP/Components/lsm6dsm_reg.o
                0x08003ca8                lsm6dsm_gy_full_scale_get
 .text.lsm6dsm_gy_data_rate_set
                0x08003d04       0x34 Drivers/BSP/Components/lsm6dsm_reg.o
                0x08003d04                lsm6dsm_gy_data_rate_set
 .text.lsm6dsm_gy_data_rate_get
                0x08003d38       0x78 Drivers/BSP/Components/lsm6dsm_reg.o
                0x08003d38                lsm6dsm_gy_data_rate_get
 .text.lsm6dsm_block_data_update_set
                0x08003db0       0x34 Drivers/BSP/Components/lsm6dsm_reg.o
                0x08003db0                lsm6dsm_block_data_update_set
 .text.lsm6dsm_angular_rate_raw_get
                0x08003de4       0x14 Drivers/BSP/Components/lsm6dsm_reg.o
                0x08003de4                lsm6dsm_angular_rate_raw_get
 .text.lsm6dsm_acceleration_raw_get
                0x08003df8       0x14 Drivers/BSP/Components/lsm6dsm_reg.o
                0x08003df8                lsm6dsm_acceleration_raw_get
 .text.lsm6dsm_device_id_get
                0x08003e0c       0x14 Drivers/BSP/Components/lsm6dsm_reg.o
                0x08003e0c                lsm6dsm_device_id_get
 .text.lsm6dsm_auto_increment_set
                0x08003e20       0x34 Drivers/BSP/Components/lsm6dsm_reg.o
                0x08003e20                lsm6dsm_auto_increment_set
 .text.lsm6dsm_pin_int1_route_set
                0x08003e54      0x168 Drivers/BSP/Components/lsm6dsm_reg.o
                0x08003e54                lsm6dsm_pin_int1_route_set
 .text.lsm6dsm_pin_int1_route_get
                0x08003fbc       0xec Drivers/BSP/Components/lsm6dsm_reg.o
                0x08003fbc                lsm6dsm_pin_int1_route_get
 .text.lsm6dsm_pin_int2_route_set
                0x080040a8      0x140 Drivers/BSP/Components/lsm6dsm_reg.o
                0x080040a8                lsm6dsm_pin_int2_route_set
 .text.lsm6dsm_pin_int2_route_get
                0x080041e8       0xcc Drivers/BSP/Components/lsm6dsm_reg.o
                0x080041e8                lsm6dsm_pin_int2_route_get
 .text.lsm6dsm_tap_detection_on_z_set
                0x080042b4       0x34 Drivers/BSP/Components/lsm6dsm_reg.o
                0x080042b4                lsm6dsm_tap_detection_on_z_set
 .text.lsm6dsm_tap_detection_on_y_set
                0x080042e8       0x34 Drivers/BSP/Components/lsm6dsm_reg.o
                0x080042e8                lsm6dsm_tap_detection_on_y_set
 .text.lsm6dsm_tap_detection_on_x_set
                0x0800431c       0x34 Drivers/BSP/Components/lsm6dsm_reg.o
                0x0800431c                lsm6dsm_tap_detection_on_x_set
 .text.lsm6dsm_tap_threshold_x_set
                0x08004350       0x34 Drivers/BSP/Components/lsm6dsm_reg.o
                0x08004350                lsm6dsm_tap_threshold_x_set
 .text.lsm6dsm_tap_shock_set
                0x08004384       0x34 Drivers/BSP/Components/lsm6dsm_reg.o
                0x08004384                lsm6dsm_tap_shock_set
 .text.lsm6dsm_tap_quiet_set
                0x080043b8       0x34 Drivers/BSP/Components/lsm6dsm_reg.o
                0x080043b8                lsm6dsm_tap_quiet_set
 .text.lsm6dsm_tap_dur_set
                0x080043ec       0x34 Drivers/BSP/Components/lsm6dsm_reg.o
                0x080043ec                lsm6dsm_tap_dur_set
 .text.lsm6dsm_tap_mode_set
                0x08004420       0x34 Drivers/BSP/Components/lsm6dsm_reg.o
                0x08004420                lsm6dsm_tap_mode_set
 .text.lsm6dsm_fifo_mode_set
                0x08004454       0x34 Drivers/BSP/Components/lsm6dsm_reg.o
                0x08004454                lsm6dsm_fifo_mode_set
 .text.SD_IO_SPI_MspInit.constprop.2
                0x08004488      0x114 Drivers/BSP/SensorTile/SensorTile.o
 .text.BSP_LED_Init
                0x0800459c       0x7c Drivers/BSP/SensorTile/SensorTile.o
                0x0800459c                BSP_LED_Init
 .text.BSP_LED_On
                0x08004618       0x28 Drivers/BSP/SensorTile/SensorTile.o
                0x08004618                BSP_LED_On
 .text.BSP_LED_Off
                0x08004640       0x28 Drivers/BSP/SensorTile/SensorTile.o
                0x08004640                BSP_LED_Off
 .text.SD_IO_Init
                0x08004668      0x12c Drivers/BSP/SensorTile/SensorTile.o
                0x08004668                SD_IO_Init
 .text.SD_IO_Init_LS
                0x08004794      0x120 Drivers/BSP/SensorTile/SensorTile.o
                0x08004794                SD_IO_Init_LS
 .text.SD_IO_CS_Init
                0x080048b4       0x3c Drivers/BSP/SensorTile/SensorTile.o
                0x080048b4                SD_IO_CS_Init
 .text.SD_IO_WriteByte
                0x080048f0       0x80 Drivers/BSP/SensorTile/SensorTile.o
                0x080048f0                SD_IO_WriteByte
 .text.SD_IO_WriteDMA
                0x08004970       0x18 Drivers/BSP/SensorTile/SensorTile.o
                0x08004970                SD_IO_WriteDMA
 .text.SD_IO_ReadByte
                0x08004988       0x90 Drivers/BSP/SensorTile/SensorTile.o
                0x08004988                SD_IO_ReadByte
 .text.SD_IO_WriteCmd_wResp
                0x08004a18      0x164 Drivers/BSP/SensorTile/SensorTile.o
                0x08004a18                SD_IO_WriteCmd_wResp
 .text.SD_IO_WriteCmd
                0x08004b7c      0x17c Drivers/BSP/SensorTile/SensorTile.o
                0x08004b7c                SD_IO_WriteCmd
 .text.SD_IO_WaitResponse
                0x08004cf8       0xc4 Drivers/BSP/SensorTile/SensorTile.o
                0x08004cf8                SD_IO_WaitResponse
 .text.SD_IO_WriteDummy
                0x08004dbc       0x90 Drivers/BSP/SensorTile/SensorTile.o
                0x08004dbc                SD_IO_WriteDummy
 .text.BSP_I2C3_DeInit
                0x08004e4c       0x40 Drivers/BSP/SensorTile/SensorTile_bus.o
                0x08004e4c                BSP_I2C3_DeInit
 .text.BSP_I2C3_WriteReg
                0x08004e8c       0x2c Drivers/BSP/SensorTile/SensorTile_bus.o
                0x08004e8c                BSP_I2C3_WriteReg
 .text.BSP_I2C3_ReadReg
                0x08004eb8       0x2c Drivers/BSP/SensorTile/SensorTile_bus.o
                0x08004eb8                BSP_I2C3_ReadReg
 .text.BSP_SPI2_DeInit
                0x08004ee4       0x34 Drivers/BSP/SensorTile/SensorTile_bus.o
                0x08004ee4                BSP_SPI2_DeInit
 .text.BSP_SPI2_Send
                0x08004f18       0x24 Drivers/BSP/SensorTile/SensorTile_bus.o
                0x08004f18                BSP_SPI2_Send
 .text.BSP_GetTick
                0x08004f3c        0x4 Drivers/BSP/SensorTile/SensorTile_bus.o
                0x08004f3c                BSP_GetTick
 .text.MX_SPI2_Init
                0x08004f40       0x70 Drivers/BSP/SensorTile/SensorTile_bus.o
                0x08004f40                MX_SPI2_Init
 .text.BSP_SPI2_Init
                0x08004fb0       0x7c Drivers/BSP/SensorTile/SensorTile_bus.o
                0x08004fb0                BSP_SPI2_Init
 .text.MX_I2C3_Init
                0x0800502c       0x28 Drivers/BSP/SensorTile/SensorTile_bus.o
                0x0800502c                MX_I2C3_Init
 .text.BSP_I2C3_Init
                0x08005054       0xc8 Drivers/BSP/SensorTile/SensorTile_bus.o
                0x08005054                BSP_I2C3_Init
 .text.BSP_LPS22HB_WriteReg
                0x0800511c       0x50 Drivers/BSP/SensorTile/SensorTile_env_sensors.o
 .text.BSP_LPS22HB_DeInit
                0x0800516c       0x10 Drivers/BSP/SensorTile/SensorTile_env_sensors.o
 .text.BSP_LPS22HB_Init
                0x0800517c       0x5c Drivers/BSP/SensorTile/SensorTile_env_sensors.o
 .text.BSP_LPS22HB_ReadReg
                0x080051d8       0xbc Drivers/BSP/SensorTile/SensorTile_env_sensors.o
 .text.BSP_ENV_SENSOR_Init
                0x08005294      0x310 Drivers/BSP/SensorTile/SensorTile_env_sensors.o
                0x08005294                BSP_ENV_SENSOR_Init
 .text.BSP_ENV_SENSOR_SetOutputDataRate
                0x080055a4       0x50 Drivers/BSP/SensorTile/SensorTile_env_sensors.o
                0x080055a4                BSP_ENV_SENSOR_SetOutputDataRate
 .text.BSP_ENV_SENSOR_GetValue
                0x080055f4       0x58 Drivers/BSP/SensorTile/SensorTile_env_sensors.o
                0x080055f4                BSP_ENV_SENSOR_GetValue
 .text.BSP_LSM6DSM_WriteReg
                0x0800564c       0x54 Drivers/BSP/SensorTile/SensorTile_motion_sensors.o
 .text.BSP_LSM303AGR_WriteReg
                0x080056a0       0x50 Drivers/BSP/SensorTile/SensorTile_motion_sensors.o
 .text.BSP_LSM303AGR_DeInit
                0x080056f0       0x10 Drivers/BSP/SensorTile/SensorTile_motion_sensors.o
 .text.BSP_LSM6DSM_Init
                0x08005700       0x64 Drivers/BSP/SensorTile/SensorTile_motion_sensors.o
 .text.BSP_LSM303AGR_Init
                0x08005764       0x98 Drivers/BSP/SensorTile/SensorTile_motion_sensors.o
 .text.BSP_LSM303AGR_ReadReg
                0x080057fc       0xc0 Drivers/BSP/SensorTile/SensorTile_motion_sensors.o
 .text.BSP_LSM6DSM_DeInit
                0x080058bc       0x10 Drivers/BSP/SensorTile/SensorTile_motion_sensors.o
 .text.BSP_LSM6DSM_ReadReg
                0x080058cc       0xc4 Drivers/BSP/SensorTile/SensorTile_motion_sensors.o
 .text.BSP_MOTION_SENSOR_Init
                0x08005990      0x2c4 Drivers/BSP/SensorTile/SensorTile_motion_sensors.o
                0x08005990                BSP_MOTION_SENSOR_Init
 .text.BSP_MOTION_SENSOR_GetAxes
                0x08005c54       0x58 Drivers/BSP/SensorTile/SensorTile_motion_sensors.o
                0x08005c54                BSP_MOTION_SENSOR_GetAxes
 .text.BSP_MOTION_SENSOR_SetOutputDataRate
                0x08005cac       0x50 Drivers/BSP/SensorTile/SensorTile_motion_sensors.o
                0x08005cac                BSP_MOTION_SENSOR_SetOutputDataRate
 .text.BSP_MOTION_SENSOR_SetFullScale
                0x08005cfc       0x58 Drivers/BSP/SensorTile/SensorTile_motion_sensors.o
                0x08005cfc                BSP_MOTION_SENSOR_SetFullScale
 .text.BSP_MOTION_SENSOR_Enable_Double_Tap_Detection
                0x08005d54       0x28 Drivers/BSP/SensorTile/SensorTile_motion_sensors_ex.o
                0x08005d54                BSP_MOTION_SENSOR_Enable_Double_Tap_Detection
 .text.BSP_SD_Init
                0x08005d7c      0x100 Drivers/BSP/SensorTile/SensorTile_sd.o
                0x08005d7c                BSP_SD_Init
 .text.BSP_SD_GetCardInfo
                0x08005e7c      0x2c0 Drivers/BSP/SensorTile/SensorTile_sd.o
                0x08005e7c                BSP_SD_GetCardInfo
 .text.BSP_SD_ReadBlocks
                0x0800613c       0x94 Drivers/BSP/SensorTile/SensorTile_sd.o
                0x0800613c                BSP_SD_ReadBlocks
 .text.BSP_SD_WriteBlocks
                0x080061d0       0xf0 Drivers/BSP/SensorTile/SensorTile_sd.o
                0x080061d0                BSP_SD_WriteBlocks
 .text.HAL_SPI_TxCpltCallback
                0x080062c0        0xc Drivers/BSP/SensorTile/SensorTile_sd.o
                0x080062c0                HAL_SPI_TxCpltCallback
 .text.BSP_SD_GetCardState
                0x080062cc        0x4 Drivers/BSP/SensorTile/SensorTile_sd.o
                0x080062cc                BSP_SD_GetCardState
 .text.SystemInit
                0x080062d0       0x50 Drivers/CMSIS/system_stm32l4xx.o
                0x080062d0                SystemInit
 .text.HAL_InitTick
                0x08006320       0x34 Drivers/STM32L4xx_HAL_Driver/stm32l4xx_hal.o
                0x08006320                HAL_InitTick
 .text.HAL_Init
                0x08006354       0x28 Drivers/STM32L4xx_HAL_Driver/stm32l4xx_hal.o
                0x08006354                HAL_Init
 .text.HAL_IncTick
                0x0800637c       0x10 Drivers/STM32L4xx_HAL_Driver/stm32l4xx_hal.o
                0x0800637c                HAL_IncTick
 .text.HAL_GetTick
                0x0800638c        0xc Drivers/STM32L4xx_HAL_Driver/stm32l4xx_hal.o
                0x0800638c                HAL_GetTick
 .text.HAL_Delay
                0x08006398       0x1c Drivers/STM32L4xx_HAL_Driver/stm32l4xx_hal.o
                0x08006398                HAL_Delay
 .text.HAL_NVIC_SetPriorityGrouping
                0x080063b4       0x24 Drivers/STM32L4xx_HAL_Driver/stm32l4xx_hal_cortex.o
                0x080063b4                HAL_NVIC_SetPriorityGrouping
 .text.HAL_NVIC_SetPriority
                0x080063d8       0x6c Drivers/STM32L4xx_HAL_Driver/stm32l4xx_hal_cortex.o
                0x080063d8                HAL_NVIC_SetPriority
 .text.HAL_NVIC_EnableIRQ
                0x08006444       0x18 Drivers/STM32L4xx_HAL_Driver/stm32l4xx_hal_cortex.o
                0x08006444                HAL_NVIC_EnableIRQ
 .text.HAL_NVIC_DisableIRQ
                0x0800645c       0x1c Drivers/STM32L4xx_HAL_Driver/stm32l4xx_hal_cortex.o
                0x0800645c                HAL_NVIC_DisableIRQ
 .text.HAL_SYSTICK_Config
                0x08006478       0x34 Drivers/STM32L4xx_HAL_Driver/stm32l4xx_hal_cortex.o
                0x08006478                HAL_SYSTICK_Config
 .text.HAL_DMA_Init
                0x080064ac       0xe4 Drivers/STM32L4xx_HAL_Driver/stm32l4xx_hal_dma.o
                0x080064ac                HAL_DMA_Init
 .text.HAL_DMA_Start_IT
                0x08006590       0x88 Drivers/STM32L4xx_HAL_Driver/stm32l4xx_hal_dma.o
                0x08006590                HAL_DMA_Start_IT
 .text.HAL_DMA_IRQHandler
                0x08006618       0x9c Drivers/STM32L4xx_HAL_Driver/stm32l4xx_hal_dma.o
                0x08006618                HAL_DMA_IRQHandler
 .text.HAL_GPIO_Init
                0x080066b4      0x234 Drivers/STM32L4xx_HAL_Driver/stm32l4xx_hal_gpio.o
                0x080066b4                HAL_GPIO_Init
 .text.HAL_GPIO_DeInit
                0x080068e8      0x150 Drivers/STM32L4xx_HAL_Driver/stm32l4xx_hal_gpio.o
                0x080068e8                HAL_GPIO_DeInit
 .text.HAL_GPIO_WritePin
                0x08006a38        0xc Drivers/STM32L4xx_HAL_Driver/stm32l4xx_hal_gpio.o
                0x08006a38                HAL_GPIO_WritePin
 .text.HAL_GPIO_EXTI_IRQHandler
                0x08006a44       0x18 Drivers/STM32L4xx_HAL_Driver/stm32l4xx_hal_gpio.o
                0x08006a44                HAL_GPIO_EXTI_IRQHandler
 .text.I2C_WaitOnTXISFlagUntilTimeout
                0x08006a5c       0xa8 Drivers/STM32L4xx_HAL_Driver/stm32l4xx_hal_i2c.o
 .text.I2C_WaitOnSTOPFlagUntilTimeout
                0x08006b04       0xac Drivers/STM32L4xx_HAL_Driver/stm32l4xx_hal_i2c.o
 .text.HAL_I2C_MspInit
                0x08006bb0        0x4 Drivers/STM32L4xx_HAL_Driver/stm32l4xx_hal_i2c.o
                0x08006bb0                HAL_I2C_MspInit
 .text.HAL_I2C_Init
                0x08006bb4       0xac Drivers/STM32L4xx_HAL_Driver/stm32l4xx_hal_i2c.o
                0x08006bb4                HAL_I2C_Init
 .text.HAL_I2C_MspDeInit
                0x08006c60        0x4 Drivers/STM32L4xx_HAL_Driver/stm32l4xx_hal_i2c.o
                0x08006c60                HAL_I2C_MspDeInit
 .text.HAL_I2C_DeInit
                0x08006c64       0x34 Drivers/STM32L4xx_HAL_Driver/stm32l4xx_hal_i2c.o
                0x08006c64                HAL_I2C_DeInit
 .text.HAL_I2C_Mem_Write
                0x08006c98      0x248 Drivers/STM32L4xx_HAL_Driver/stm32l4xx_hal_i2c.o
                0x08006c98                HAL_I2C_Mem_Write
 .text.HAL_I2C_Mem_Read
                0x08006ee0      0x26c Drivers/STM32L4xx_HAL_Driver/stm32l4xx_hal_i2c.o
                0x08006ee0                HAL_I2C_Mem_Read
 .text.HAL_I2C_GetState
                0x0800714c        0x8 Drivers/STM32L4xx_HAL_Driver/stm32l4xx_hal_i2c.o
                0x0800714c                HAL_I2C_GetState
 .text.HAL_PCD_IRQHandler
                0x08007154      0x670 Drivers/STM32L4xx_HAL_Driver/stm32l4xx_hal_pcd.o
                0x08007154                HAL_PCD_IRQHandler
 .text.HAL_PCD_SetAddress
                0x080077c4       0x28 Drivers/STM32L4xx_HAL_Driver/stm32l4xx_hal_pcd.o
                0x080077c4                HAL_PCD_SetAddress
 .text.HAL_PCD_EP_Open
                0x080077ec       0x6c Drivers/STM32L4xx_HAL_Driver/stm32l4xx_hal_pcd.o
                0x080077ec                HAL_PCD_EP_Open
 .text.HAL_PCD_EP_Receive
                0x08007858       0x44 Drivers/STM32L4xx_HAL_Driver/stm32l4xx_hal_pcd.o
                0x08007858                HAL_PCD_EP_Receive
 .text.HAL_PCD_EP_Transmit
                0x0800789c       0x40 Drivers/STM32L4xx_HAL_Driver/stm32l4xx_hal_pcd.o
                0x0800789c                HAL_PCD_EP_Transmit
 .text.HAL_PCD_EP_SetStall
                0x080078dc       0x78 Drivers/STM32L4xx_HAL_Driver/stm32l4xx_hal_pcd.o
                0x080078dc                HAL_PCD_EP_SetStall
 .text.HAL_PCD_EP_ClrStall
                0x08007954       0x68 Drivers/STM32L4xx_HAL_Driver/stm32l4xx_hal_pcd.o
                0x08007954                HAL_PCD_EP_ClrStall
 .text.HAL_PCDEx_LPM_Callback
                0x080079bc        0x4 Drivers/STM32L4xx_HAL_Driver/stm32l4xx_hal_pcd_ex.o
                0x080079bc                HAL_PCDEx_LPM_Callback
 .text.HAL_PWR_EnableBkUpAccess
                0x080079c0       0x10 Drivers/STM32L4xx_HAL_Driver/stm32l4xx_hal_pwr.o
                0x080079c0                HAL_PWR_EnableBkUpAccess
 .text.HAL_PWREx_GetVoltageRange
                0x080079d0       0x10 Drivers/STM32L4xx_HAL_Driver/stm32l4xx_hal_pwr_ex.o
                0x080079d0                HAL_PWREx_GetVoltageRange
 .text.HAL_PWREx_EnableVddUSB
                0x080079e0       0x10 Drivers/STM32L4xx_HAL_Driver/stm32l4xx_hal_pwr_ex.o
                0x080079e0                HAL_PWREx_EnableVddUSB
 .text.HAL_PWREx_EnableVddIO2
                0x080079f0       0x10 Drivers/STM32L4xx_HAL_Driver/stm32l4xx_hal_pwr_ex.o
                0x080079f0                HAL_PWREx_EnableVddIO2
 .text.HAL_RCC_GetSysClockFreq
                0x08007a00       0xc4 Drivers/STM32L4xx_HAL_Driver/stm32l4xx_hal_rcc.o
                0x08007a00                HAL_RCC_GetSysClockFreq
 .text.HAL_RCC_OscConfig
                0x08007ac4      0x62c Drivers/STM32L4xx_HAL_Driver/stm32l4xx_hal_rcc.o
                0x08007ac4                HAL_RCC_OscConfig
 .text.HAL_RCC_ClockConfig
                0x080080f0      0x12c Drivers/STM32L4xx_HAL_Driver/stm32l4xx_hal_rcc.o
                0x080080f0                HAL_RCC_ClockConfig
 .text.HAL_RCC_GetHCLKFreq
                0x0800821c        0xc Drivers/STM32L4xx_HAL_Driver/stm32l4xx_hal_rcc.o
                0x0800821c                HAL_RCC_GetHCLKFreq
 .text.RCCEx_PLLSAI1_Config
                0x08008228      0x124 Drivers/STM32L4xx_HAL_Driver/stm32l4xx_hal_rcc_ex.o
 .text.RCCEx_PLLSAI2_Config
                0x0800834c      0x104 Drivers/STM32L4xx_HAL_Driver/stm32l4xx_hal_rcc_ex.o
 .text.HAL_RCCEx_PeriphCLKConfig
                0x08008450      0x428 Drivers/STM32L4xx_HAL_Driver/stm32l4xx_hal_rcc_ex.o
                0x08008450                HAL_RCCEx_PeriphCLKConfig
 .text.HAL_RCCEx_DisableLSECSS
                0x08008878       0x1c Drivers/STM32L4xx_HAL_Driver/stm32l4xx_hal_rcc_ex.o
                0x08008878                HAL_RCCEx_DisableLSECSS
 .text.HAL_RCCEx_EnableMSIPLLMode
                0x08008894       0x10 Drivers/STM32L4xx_HAL_Driver/stm32l4xx_hal_rcc_ex.o
                0x08008894                HAL_RCCEx_EnableMSIPLLMode
 .text.SPI_WaitFifoStateUntilTimeout.part.1
                0x080088a4       0x54 Drivers/STM32L4xx_HAL_Driver/stm32l4xx_hal_spi.o
 .text.unlikely.SPI_WaitFlagStateUntilTimeout
                0x080088f8       0x86 Drivers/STM32L4xx_HAL_Driver/stm32l4xx_hal_spi.o
 *fill*         0x0800897e        0x2 
 .text.SPI_EndRxTxTransaction.constprop.15
                0x08008980       0xc4 Drivers/STM32L4xx_HAL_Driver/stm32l4xx_hal_spi.o
 .text.SPI_EndRxTxTransaction
                0x08008a44       0xe4 Drivers/STM32L4xx_HAL_Driver/stm32l4xx_hal_spi.o
 .text.HAL_SPI_Init
                0x08008b28       0xf8 Drivers/STM32L4xx_HAL_Driver/stm32l4xx_hal_spi.o
                0x08008b28                HAL_SPI_Init
 .text.HAL_SPI_DeInit
                0x08008c20       0x2c Drivers/STM32L4xx_HAL_Driver/stm32l4xx_hal_spi.o
                0x08008c20                HAL_SPI_DeInit
 .text.HAL_SPI_Transmit
                0x08008c4c      0x274 Drivers/STM32L4xx_HAL_Driver/stm32l4xx_hal_spi.o
                0x08008c4c                HAL_SPI_Transmit
 .text.HAL_SPI_TransmitReceive
                0x08008ec0      0x428 Drivers/STM32L4xx_HAL_Driver/stm32l4xx_hal_spi.o
                0x08008ec0                HAL_SPI_TransmitReceive
 .text.HAL_SPI_Transmit_DMA
                0x080092e8      0x120 Drivers/STM32L4xx_HAL_Driver/stm32l4xx_hal_spi.o
                0x080092e8                HAL_SPI_Transmit_DMA
 .text.HAL_SPI_TxHalfCpltCallback
                0x08009408        0x4 Drivers/STM32L4xx_HAL_Driver/stm32l4xx_hal_spi.o
                0x08009408                HAL_SPI_TxHalfCpltCallback
 .text.SPI_DMAHalfTransmitCplt
                0x0800940c        0xc Drivers/STM32L4xx_HAL_Driver/stm32l4xx_hal_spi.o
 .text.HAL_SPI_ErrorCallback
                0x08009418        0x4 Drivers/STM32L4xx_HAL_Driver/stm32l4xx_hal_spi.o
                0x08009418                HAL_SPI_ErrorCallback
 .text.SPI_DMAError
                0x0800941c       0x24 Drivers/STM32L4xx_HAL_Driver/stm32l4xx_hal_spi.o
 .text.SPI_DMATransmitCplt
                0x08009440       0x6c Drivers/STM32L4xx_HAL_Driver/stm32l4xx_hal_spi.o
 .text.HAL_SPI_GetState
                0x080094ac        0x8 Drivers/STM32L4xx_HAL_Driver/stm32l4xx_hal_spi.o
                0x080094ac                HAL_SPI_GetState
 .text.HAL_TIM_OC_DelayElapsedCallback
                0x080094b4        0x4 Drivers/STM32L4xx_HAL_Driver/stm32l4xx_hal_tim.o
                0x080094b4                HAL_TIM_OC_DelayElapsedCallback
 .text.HAL_TIM_IC_CaptureCallback
                0x080094b8        0x4 Drivers/STM32L4xx_HAL_Driver/stm32l4xx_hal_tim.o
                0x080094b8                HAL_TIM_IC_CaptureCallback
 .text.HAL_TIM_PWM_PulseFinishedCallback
                0x080094bc        0x4 Drivers/STM32L4xx_HAL_Driver/stm32l4xx_hal_tim.o
                0x080094bc                HAL_TIM_PWM_PulseFinishedCallback
 .text.HAL_TIM_TriggerCallback
                0x080094c0        0x4 Drivers/STM32L4xx_HAL_Driver/stm32l4xx_hal_tim.o
                0x080094c0                HAL_TIM_TriggerCallback
 .text.HAL_TIM_IRQHandler
                0x080094c4      0x170 Drivers/STM32L4xx_HAL_Driver/stm32l4xx_hal_tim.o
                0x080094c4                HAL_TIM_IRQHandler
 .text.HAL_TIMEx_CommutationCallback
                0x08009634        0x4 Drivers/STM32L4xx_HAL_Driver/stm32l4xx_hal_tim_ex.o
                0x08009634                HAL_TIMEx_CommutationCallback
 .text.HAL_TIMEx_BreakCallback
                0x08009638        0x4 Drivers/STM32L4xx_HAL_Driver/stm32l4xx_hal_tim_ex.o
                0x08009638                HAL_TIMEx_BreakCallback
 .text.HAL_TIMEx_Break2Callback
                0x0800963c        0x4 Drivers/STM32L4xx_HAL_Driver/stm32l4xx_hal_tim_ex.o
                0x0800963c                HAL_TIMEx_Break2Callback
 .text.USB_FlushTxFifo
                0x08009640       0x24 Drivers/STM32L4xx_HAL_Driver/stm32l4xx_ll_usb.o
                0x08009640                USB_FlushTxFifo
 .text.USB_ActivateEndpoint
                0x08009664       0x98 Drivers/STM32L4xx_HAL_Driver/stm32l4xx_ll_usb.o
                0x08009664                USB_ActivateEndpoint
 .text.USB_EPStartXfer
                0x080096fc      0x184 Drivers/STM32L4xx_HAL_Driver/stm32l4xx_ll_usb.o
                0x080096fc                USB_EPStartXfer
 .text.USB_EP0StartXfer
                0x08009880       0xec Drivers/STM32L4xx_HAL_Driver/stm32l4xx_ll_usb.o
                0x08009880                USB_EP0StartXfer
 .text.USB_WritePacket
                0x0800996c       0x20 Drivers/STM32L4xx_HAL_Driver/stm32l4xx_ll_usb.o
                0x0800996c                USB_WritePacket
 .text.USB_ReadPacket
                0x0800998c       0x28 Drivers/STM32L4xx_HAL_Driver/stm32l4xx_ll_usb.o
                0x0800998c                USB_ReadPacket
 .text.USB_EPSetStall
                0x080099b4       0x5c Drivers/STM32L4xx_HAL_Driver/stm32l4xx_ll_usb.o
                0x080099b4                USB_EPSetStall
 .text.USB_EPClearStall
                0x08009a10       0x58 Drivers/STM32L4xx_HAL_Driver/stm32l4xx_ll_usb.o
                0x08009a10                USB_EPClearStall
 .text.USB_SetDevAddress
                0x08009a68       0x20 Drivers/STM32L4xx_HAL_Driver/stm32l4xx_ll_usb.o
                0x08009a68                USB_SetDevAddress
 .text.USB_ReadInterrupts
                0x08009a88        0x8 Drivers/STM32L4xx_HAL_Driver/stm32l4xx_ll_usb.o
                0x08009a88                USB_ReadInterrupts
 .text.USB_ReadDevAllOutEpInterrupt
                0x08009a90       0x10 Drivers/STM32L4xx_HAL_Driver/stm32l4xx_ll_usb.o
                0x08009a90                USB_ReadDevAllOutEpInterrupt
 .text.USB_ReadDevAllInEpInterrupt
                0x08009aa0       0x10 Drivers/STM32L4xx_HAL_Driver/stm32l4xx_ll_usb.o
                0x08009aa0                USB_ReadDevAllInEpInterrupt
 .text.USB_ReadDevOutEPInterrupt
                0x08009ab0       0x14 Drivers/STM32L4xx_HAL_Driver/stm32l4xx_ll_usb.o
                0x08009ab0                USB_ReadDevOutEPInterrupt
 .text.USB_ReadDevInEPInterrupt
                0x08009ac4       0x28 Drivers/STM32L4xx_HAL_Driver/stm32l4xx_ll_usb.o
                0x08009ac4                USB_ReadDevInEPInterrupt
 .text.USB_GetMode
                0x08009aec        0x8 Drivers/STM32L4xx_HAL_Driver/stm32l4xx_ll_usb.o
                0x08009aec                USB_GetMode
 .text.USB_ActivateSetup
                0x08009af4       0x38 Drivers/STM32L4xx_HAL_Driver/stm32l4xx_ll_usb.o
                0x08009af4                USB_ActivateSetup
 .text.USB_EP0_OutStart
                0x08009b2c       0x24 Drivers/STM32L4xx_HAL_Driver/stm32l4xx_ll_usb.o
                0x08009b2c                USB_EP0_OutStart
 .text.Reset_Handler
                0x08009b50       0x50 Example/SW4STM32/startup_stm32l476xx.o
                0x08009b50                Reset_Handler
 .text.Default_Handler
                0x08009ba0        0x2 Example/SW4STM32/startup_stm32l476xx.o
                0x08009ba0                RTC_Alarm_IRQHandler
                0x08009ba0                TIM8_TRG_COM_IRQHandler
                0x08009ba0                TIM8_CC_IRQHandler
                0x08009ba0                TIM1_CC_IRQHandler
                0x08009ba0                TSC_IRQHandler
                0x08009ba0                TAMP_STAMP_IRQHandler
                0x08009ba0                EXTI3_IRQHandler
                0x08009ba0                LPTIM2_IRQHandler
                0x08009ba0                DFSDM1_FLT1_IRQHandler
                0x08009ba0                I2C3_ER_IRQHandler
                0x08009ba0                DFSDM1_FLT2_IRQHandler
                0x08009ba0                EXTI0_IRQHandler
                0x08009ba0                I2C2_EV_IRQHandler
                0x08009ba0                CAN1_RX0_IRQHandler
                0x08009ba0                FPU_IRQHandler
                0x08009ba0                TIM1_UP_TIM16_IRQHandler
                0x08009ba0                ADC1_2_IRQHandler
                0x08009ba0                SPI1_IRQHandler
                0x08009ba0                TIM6_DAC_IRQHandler
                0x08009ba0                TIM8_UP_IRQHandler
                0x08009ba0                DMA1_Channel4_IRQHandler
                0x08009ba0                SAI2_IRQHandler
                0x08009ba0                DFSDM1_FLT3_IRQHandler
                0x08009ba0                USART3_IRQHandler
                0x08009ba0                DMA1_Channel7_IRQHandler
                0x08009ba0                CAN1_RX1_IRQHandler
                0x08009ba0                LCD_IRQHandler
                0x08009ba0                UART5_IRQHandler
                0x08009ba0                ADC3_IRQHandler
                0x08009ba0                TIM4_IRQHandler
                0x08009ba0                DMA2_Channel1_IRQHandler
                0x08009ba0                QUADSPI_IRQHandler
                0x08009ba0                I2C1_EV_IRQHandler
                0x08009ba0                DMA1_Channel6_IRQHandler
                0x08009ba0                UART4_IRQHandler
                0x08009ba0                DMA2_Channel4_IRQHandler
                0x08009ba0                RCC_IRQHandler
                0x08009ba0                DMA1_Channel1_IRQHandler
                0x08009ba0                Default_Handler
                0x08009ba0                DMA2_Channel7_IRQHandler
                0x08009ba0                EXTI15_10_IRQHandler
                0x08009ba0                TIM7_IRQHandler
                0x08009ba0                SDMMC1_IRQHandler
                0x08009ba0                TIM5_IRQHandler
                0x08009ba0                I2C3_EV_IRQHandler
                0x08009ba0                EXTI9_5_IRQHandler
                0x08009ba0                RTC_WKUP_IRQHandler
                0x08009ba0                PVD_PVM_IRQHandler
                0x08009ba0                SPI2_IRQHandler
                0x08009ba0                CAN1_TX_IRQHandler
                0x08009ba0                DMA2_Channel5_IRQHandler
                0x08009ba0                DMA1_Channel5_IRQHandler
                0x08009ba0                EXTI4_IRQHandler
                0x08009ba0                RNG_IRQHandler
                0x08009ba0                TIM1_TRG_COM_TIM17_IRQHandler
                0x08009ba0                DMA1_Channel3_IRQHandler
                0x08009ba0                COMP_IRQHandler
                0x08009ba0                WWDG_IRQHandler
                0x08009ba0                LPUART1_IRQHandler
                0x08009ba0                DMA2_Channel6_IRQHandler
                0x08009ba0                TIM2_IRQHandler
                0x08009ba0                EXTI1_IRQHandler
                0x08009ba0                USART2_IRQHandler
                0x08009ba0                DFSDM1_FLT0_IRQHandler
                0x08009ba0                I2C2_ER_IRQHandler
                0x08009ba0                DMA1_Channel2_IRQHandler
                0x08009ba0                TIM8_BRK_IRQHandler
                0x08009ba0                CAN1_SCE_IRQHandler
                0x08009ba0                FLASH_IRQHandler
                0x08009ba0                USART1_IRQHandler
                0x08009ba0                SPI3_IRQHandler
                0x08009ba0                I2C1_ER_IRQHandler
                0x08009ba0                FMC_IRQHandler
                0x08009ba0                SWPMI1_IRQHandler
                0x08009ba0                LPTIM1_IRQHandler
                0x08009ba0                SAI1_IRQHandler
                0x08009ba0                DMA2_Channel3_IRQHandler
                0x08009ba0                TIM1_BRK_TIM15_IRQHandler
 *fill*         0x08009ba2        0x2 
 .text.disk_status
                0x08009ba4       0x14 Middlewares/FatFs/Core/diskio.o
                0x08009ba4                disk_status
 .text.disk_initialize
                0x08009bb8       0x20 Middlewares/FatFs/Core/diskio.o
                0x08009bb8                disk_initialize
 .text.disk_read
                0x08009bd8       0x1c Middlewares/FatFs/Core/diskio.o
                0x08009bd8                disk_read
 .text.disk_write
                0x08009bf4       0x1c Middlewares/FatFs/Core/diskio.o
                0x08009bf4                disk_write
 .text.disk_ioctl
                0x08009c10       0x1c Middlewares/FatFs/Core/diskio.o
                0x08009c10                disk_ioctl
 .text.unlikely.sync_window.part.5
                0x08009c2c       0x48 Middlewares/FatFs/Core/ff.o
 .text.check_fs
                0x08009c74       0xac Middlewares/FatFs/Core/ff.o
 .text.move_window
                0x08009d20       0x7c Middlewares/FatFs/Core/ff.o
 .text.find_volume
                0x08009d9c      0x414 Middlewares/FatFs/Core/ff.o
 .text.sync_fs  0x0800a1b0       0xf4 Middlewares/FatFs/Core/ff.o
 .text.put_fat.part.7
                0x0800a2a4      0x2dc Middlewares/FatFs/Core/ff.o
 .text.remove_chain
                0x0800a580      0x2ec Middlewares/FatFs/Core/ff.o
 .text.get_fat.isra.8
                0x0800a86c      0x268 Middlewares/FatFs/Core/ff.o
 .text.create_chain
                0x0800aad4      0x37c Middlewares/FatFs/Core/ff.o
 .text.dir_next
                0x0800ae50      0x150 Middlewares/FatFs/Core/ff.o
 .text.dir_sdi  0x0800afa0      0x358 Middlewares/FatFs/Core/ff.o
 .text.dir_find
                0x0800b2f8      0x360 Middlewares/FatFs/Core/ff.o
 .text.follow_path
                0x0800b658      0x30c Middlewares/FatFs/Core/ff.o
 .text.dir_register
                0x0800b964      0xa6c Middlewares/FatFs/Core/ff.o
 .text.f_mount  0x0800c3d0       0xbc Middlewares/FatFs/Core/ff.o
                0x0800c3d0                f_mount
 .text.f_open   0x0800c48c      0x420 Middlewares/FatFs/Core/ff.o
                0x0800c48c                f_open
 .text.f_read   0x0800c8ac      0x3f4 Middlewares/FatFs/Core/ff.o
                0x0800c8ac                f_read
 .text.f_write  0x0800cca0      0x450 Middlewares/FatFs/Core/ff.o
                0x0800cca0                f_write
 .text.f_close  0x0800d0f0      0x1dc Middlewares/FatFs/Core/ff.o
                0x0800d0f0                f_close
 .text.FATFS_LinkDriver
                0x0800d2cc       0x48 Middlewares/FatFs/Core/ff_gen_drv.o
                0x0800d2cc                FATFS_LinkDriver
 .text.FATFS_UnLinkDriver
                0x0800d314       0x38 Middlewares/FatFs/Core/ff_gen_drv.o
                0x0800d314                FATFS_UnLinkDriver
 .text.ff_cre_syncobj
                0x0800d34c       0x20 Middlewares/FatFs/Options/syscall.o
                0x0800d34c                ff_cre_syncobj
 .text.ff_del_syncobj
                0x0800d36c        0xc Middlewares/FatFs/Options/syscall.o
                0x0800d36c                ff_del_syncobj
 .text.ff_req_grant
                0x0800d378       0x14 Middlewares/FatFs/Options/syscall.o
                0x0800d378                ff_req_grant
 .text.ff_rel_grant
                0x0800d38c        0x4 Middlewares/FatFs/Options/syscall.o
                0x0800d38c                ff_rel_grant
 .text.ff_memalloc
                0x0800d390        0x4 Middlewares/FatFs/Options/syscall.o
                0x0800d390                ff_memalloc
 .text.ff_memfree
                0x0800d394        0x4 Middlewares/FatFs/Options/syscall.o
                0x0800d394                ff_memfree
 .text.ff_convert
                0x0800d398       0x48 Middlewares/FatFs/Options/unicode.o
                0x0800d398                ff_convert
 .text.ff_wtoupper
                0x0800d3e0       0x98 Middlewares/FatFs/Options/unicode.o
                0x0800d3e0                ff_wtoupper
 .text.osKernelStart
                0x0800d478        0xc Middlewares/FreeRTOS/CMSIS_RTOS/cmsis_os.o
                0x0800d478                osKernelStart
 .text.osThreadCreate
                0x0800d484       0x30 Middlewares/FreeRTOS/CMSIS_RTOS/cmsis_os.o
                0x0800d484                osThreadCreate
 .text.osDelay  0x0800d4b4       0x10 Middlewares/FreeRTOS/CMSIS_RTOS/cmsis_os.o
                0x0800d4b4                osDelay
 .text.osTimerCreate
                0x0800d4c4       0x28 Middlewares/FreeRTOS/CMSIS_RTOS/cmsis_os.o
                0x0800d4c4                osTimerCreate
 .text.osTimerStart
                0x0800d4ec       0x5c Middlewares/FreeRTOS/CMSIS_RTOS/cmsis_os.o
                0x0800d4ec                osTimerStart
 .text.osSemaphoreCreate
                0x0800d548       0x28 Middlewares/FreeRTOS/CMSIS_RTOS/cmsis_os.o
                0x0800d548                osSemaphoreCreate
 .text.osSemaphoreWait
                0x0800d570       0x50 Middlewares/FreeRTOS/CMSIS_RTOS/cmsis_os.o
                0x0800d570                osSemaphoreWait
 .text.osSemaphoreRelease
                0x0800d5c0       0x50 Middlewares/FreeRTOS/CMSIS_RTOS/cmsis_os.o
                0x0800d5c0                osSemaphoreRelease
 .text.osSemaphoreDelete
                0x0800d610       0x14 Middlewares/FreeRTOS/CMSIS_RTOS/cmsis_os.o
                0x0800d610                osSemaphoreDelete
 .text.osPoolCreate
                0x0800d624       0x74 Middlewares/FreeRTOS/CMSIS_RTOS/cmsis_os.o
                0x0800d624                osPoolCreate
 .text.osPoolAlloc
                0x0800d698       0x8c Middlewares/FreeRTOS/CMSIS_RTOS/cmsis_os.o
                0x0800d698                osPoolAlloc
 .text.osPoolFree
                0x0800d724       0x2c Middlewares/FreeRTOS/CMSIS_RTOS/cmsis_os.o
                0x0800d724                osPoolFree
 .text.osMessageCreate
                0x0800d750        0x8 Middlewares/FreeRTOS/CMSIS_RTOS/cmsis_os.o
                0x0800d750                osMessageCreate
 .text.osMessagePut
                0x0800d758       0x58 Middlewares/FreeRTOS/CMSIS_RTOS/cmsis_os.o
                0x0800d758                osMessagePut
 .text.osMessageGet
                0x0800d7b0       0x8c Middlewares/FreeRTOS/CMSIS_RTOS/cmsis_os.o
                0x0800d7b0                osMessageGet
 .text.osSystickHandler
                0x0800d83c       0x14 Middlewares/FreeRTOS/CMSIS_RTOS/cmsis_os.o
                0x0800d83c                osSystickHandler
 .text.vListInitialise
                0x0800d850       0x18 Middlewares/FreeRTOS/list.o
                0x0800d850                vListInitialise
 .text.vListInitialiseItem
                0x0800d868        0x8 Middlewares/FreeRTOS/list.o
                0x0800d868                vListInitialiseItem
 .text.vListInsertEnd
                0x0800d870       0x20 Middlewares/FreeRTOS/list.o
                0x0800d870                vListInsertEnd
 .text.vListInsert
                0x0800d890       0x34 Middlewares/FreeRTOS/list.o
                0x0800d890                vListInsert
 .text.uxListRemove
                0x0800d8c4       0x28 Middlewares/FreeRTOS/list.o
                0x0800d8c4                uxListRemove
 .text.unlikely.prvCopyDataToQueue
                0x0800d8ec       0x6c Middlewares/FreeRTOS/queue.o
 .text.unlikely.prvCopyDataFromQueue
                0x0800d958       0x26 Middlewares/FreeRTOS/queue.o
 *fill*         0x0800d97e        0x2 
 .text.prvUnlockQueue
                0x0800d980       0x94 Middlewares/FreeRTOS/queue.o
 .text.xQueueGenericCreate
                0x0800da14       0x80 Middlewares/FreeRTOS/queue.o
                0x0800da14                xQueueGenericCreate
 .text.xQueueCreateCountingSemaphore
                0x0800da94       0x3c Middlewares/FreeRTOS/queue.o
                0x0800da94                xQueueCreateCountingSemaphore
 .text.xQueueGenericSend
                0x0800dad0      0x2ac Middlewares/FreeRTOS/queue.o
                0x0800dad0                xQueueGenericSend
 .text.xQueueGenericSendFromISR
                0x0800dd7c       0xc8 Middlewares/FreeRTOS/queue.o
                0x0800dd7c                xQueueGenericSendFromISR
 .text.xQueueGiveFromISR
                0x0800de44       0xac Middlewares/FreeRTOS/queue.o
                0x0800de44                xQueueGiveFromISR
 .text.xQueueReceive
                0x0800def0      0x30c Middlewares/FreeRTOS/queue.o
                0x0800def0                xQueueReceive
 .text.xQueueSemaphoreTake
                0x0800e1fc      0x2b8 Middlewares/FreeRTOS/queue.o
                0x0800e1fc                xQueueSemaphoreTake
 .text.xQueueReceiveFromISR
                0x0800e4b4       0xa0 Middlewares/FreeRTOS/queue.o
                0x0800e4b4                xQueueReceiveFromISR
 .text.vQueueDelete
                0x0800e554       0x48 Middlewares/FreeRTOS/queue.o
                0x0800e554                vQueueDelete
 .text.vQueueAddToRegistry
                0x0800e59c       0x28 Middlewares/FreeRTOS/queue.o
                0x0800e59c                vQueueAddToRegistry
 .text.vQueueWaitForMessageRestricted
                0x0800e5c4       0xcc Middlewares/FreeRTOS/queue.o
                0x0800e5c4                vQueueWaitForMessageRestricted
 .text.prvIdleTask
                0x0800e690       0x5c Middlewares/FreeRTOS/tasks.o
 .text.prvAddCurrentTaskToDelayedList
                0x0800e6ec       0x88 Middlewares/FreeRTOS/tasks.o
 .text.xTaskCreate
                0x0800e774      0x23c Middlewares/FreeRTOS/tasks.o
                0x0800e774                xTaskCreate
 .text.vTaskStartScheduler
                0x0800e9b0       0x78 Middlewares/FreeRTOS/tasks.o
                0x0800e9b0                vTaskStartScheduler
 .text.vTaskSuspendAll
                0x0800ea28       0x14 Middlewares/FreeRTOS/tasks.o
                0x0800ea28                vTaskSuspendAll
 .text.xTaskGetTickCount
                0x0800ea3c        0xc Middlewares/FreeRTOS/tasks.o
                0x0800ea3c                xTaskGetTickCount
 .text.xTaskIncrementTick
                0x0800ea48      0x130 Middlewares/FreeRTOS/tasks.o
                0x0800ea48                xTaskIncrementTick
 .text.xTaskResumeAll
                0x0800eb78       0xfc Middlewares/FreeRTOS/tasks.o
                0x0800eb78                xTaskResumeAll
 .text.vTaskDelay
                0x0800ec74       0x50 Middlewares/FreeRTOS/tasks.o
                0x0800ec74                vTaskDelay
 .text.vTaskSwitchContext
                0x0800ecc4       0x60 Middlewares/FreeRTOS/tasks.o
                0x0800ecc4                vTaskSwitchContext
 .text.vTaskPlaceOnEventList
                0x0800ed24       0xa0 Middlewares/FreeRTOS/tasks.o
                0x0800ed24                vTaskPlaceOnEventList
 .text.vTaskPlaceOnEventListRestricted
                0x0800edc4       0xbc Middlewares/FreeRTOS/tasks.o
                0x0800edc4                vTaskPlaceOnEventListRestricted
 .text.xTaskRemoveFromEventList
                0x0800ee80       0x7c Middlewares/FreeRTOS/tasks.o
                0x0800ee80                xTaskRemoveFromEventList
 .text.vTaskInternalSetTimeOutState
                0x0800eefc       0x14 Middlewares/FreeRTOS/tasks.o
                0x0800eefc                vTaskInternalSetTimeOutState
 .text.xTaskCheckForTimeOut
                0x0800ef10       0x94 Middlewares/FreeRTOS/tasks.o
                0x0800ef10                xTaskCheckForTimeOut
 .text.vTaskMissedYield
                0x0800efa4       0x10 Middlewares/FreeRTOS/tasks.o
                0x0800efa4                vTaskMissedYield
 .text.xTaskGetSchedulerState
                0x0800efb4       0x20 Middlewares/FreeRTOS/tasks.o
                0x0800efb4                xTaskGetSchedulerState
 .text.xTaskPriorityInherit
                0x0800efd4       0xb4 Middlewares/FreeRTOS/tasks.o
                0x0800efd4                xTaskPriorityInherit
 .text.xTaskPriorityDisinherit
                0x0800f088       0xb0 Middlewares/FreeRTOS/tasks.o
                0x0800f088                xTaskPriorityDisinherit
 .text.vTaskPriorityDisinheritAfterTimeout
                0x0800f138       0xc8 Middlewares/FreeRTOS/tasks.o
                0x0800f138                vTaskPriorityDisinheritAfterTimeout
 .text.pvTaskIncrementMutexHeldCount
                0x0800f200       0x1c Middlewares/FreeRTOS/tasks.o
                0x0800f200                pvTaskIncrementMutexHeldCount
 .text.prvSwitchTimerLists
                0x0800f21c       0x88 Middlewares/FreeRTOS/timers.o
 .text.xTimerCreateTimerTask
                0x0800f2a4       0x88 Middlewares/FreeRTOS/timers.o
                0x0800f2a4                xTimerCreateTimerTask
 .text.xTimerCreate
                0x0800f32c       0x98 Middlewares/FreeRTOS/timers.o
                0x0800f32c                xTimerCreate
 .text.xTimerGenericCommand
                0x0800f3c4       0x68 Middlewares/FreeRTOS/timers.o
                0x0800f3c4                xTimerGenericCommand
 .text.prvTimerTask
                0x0800f42c      0x200 Middlewares/FreeRTOS/timers.o
 .text.unlikely.prvInsertBlockIntoFreeList
                0x0800f62c       0x4c Middlewares/FreeRTOS/portable/heap_4.o
 .text.pvPortMalloc
                0x0800f678      0x114 Middlewares/FreeRTOS/portable/heap_4.o
                0x0800f678                pvPortMalloc
 .text.vPortFree
                0x0800f78c       0x74 Middlewares/FreeRTOS/portable/heap_4.o
                0x0800f78c                vPortFree
 .text.prvTaskExitError
                0x0800f800       0x40 Middlewares/FreeRTOS/portable/port.o
 .text.unlikely.prvPortStartFirstTask
                0x0800f840       0x28 Middlewares/FreeRTOS/portable/port.o
 .text.unlikely.vPortEnableVFP
                0x0800f868       0x14 Middlewares/FreeRTOS/portable/port.o
 .text.pxPortInitialiseStack
                0x0800f87c       0x2c Middlewares/FreeRTOS/portable/port.o
                0x0800f87c                pxPortInitialiseStack
 *fill*         0x0800f8a8        0x8 
 .text.SVC_Handler
                0x0800f8b0       0x24 Middlewares/FreeRTOS/portable/port.o
                0x0800f8b0                SVC_Handler
 .text.vPortEnterCritical
                0x0800f8d4       0x44 Middlewares/FreeRTOS/portable/port.o
                0x0800f8d4                vPortEnterCritical
 .text.vPortExitCritical
                0x0800f918       0x28 Middlewares/FreeRTOS/portable/port.o
                0x0800f918                vPortExitCritical
 .text.PendSV_Handler
                0x0800f940       0x64 Middlewares/FreeRTOS/portable/port.o
                0x0800f940                PendSV_Handler
 .text.xPortSysTickHandler
                0x0800f9a4       0x2c Middlewares/FreeRTOS/portable/port.o
                0x0800f9a4                xPortSysTickHandler
 .text.vPortSetupTimerInterrupt
                0x0800f9d0       0x3c Middlewares/FreeRTOS/portable/port.o
                0x0800f9d0                vPortSetupTimerInterrupt
 .text.xPortStartScheduler
                0x0800fa0c      0x10c Middlewares/FreeRTOS/portable/port.o
                0x0800fa0c                xPortStartScheduler
 .text.vPortValidateInterruptPriority
                0x0800fb18       0x58 Middlewares/FreeRTOS/portable/port.o
                0x0800fb18                vPortValidateInterruptPriority
 .text.USBD_CDC_SetTxBuffer
                0x0800fb70       0x10 Middlewares/STM32_USBD_Library/Class/CDC/usbd_cdc.o
                0x0800fb70                USBD_CDC_SetTxBuffer
 .text.USBD_CDC_TransmitPacket
                0x0800fb80       0x34 Middlewares/STM32_USBD_Library/Class/CDC/usbd_cdc.o
                0x0800fb80                USBD_CDC_TransmitPacket
 .text.USBD_SetClassConfig
                0x0800fbb4       0x14 Middlewares/STM32_USBD_Library/Core/usbd_core.o
                0x0800fbb4                USBD_SetClassConfig
 .text.USBD_ClrClassConfig
                0x0800fbc8       0x10 Middlewares/STM32_USBD_Library/Core/usbd_core.o
                0x0800fbc8                USBD_ClrClassConfig
 .text.USBD_LL_SetupStage
                0x0800fbd8       0x60 Middlewares/STM32_USBD_Library/Core/usbd_core.o
                0x0800fbd8                USBD_LL_SetupStage
 .text.USBD_LL_DataOutStage
                0x0800fc38       0x7c Middlewares/STM32_USBD_Library/Core/usbd_core.o
                0x0800fc38                USBD_LL_DataOutStage
 .text.USBD_LL_DataInStage
                0x0800fcb4       0xc4 Middlewares/STM32_USBD_Library/Core/usbd_core.o
                0x0800fcb4                USBD_LL_DataInStage
 .text.USBD_LL_Reset
                0x0800fd78       0x50 Middlewares/STM32_USBD_Library/Core/usbd_core.o
                0x0800fd78                USBD_LL_Reset
 .text.USBD_LL_SetSpeed
                0x0800fdc8        0x8 Middlewares/STM32_USBD_Library/Core/usbd_core.o
                0x0800fdc8                USBD_LL_SetSpeed
 .text.USBD_LL_Suspend
                0x0800fdd0       0x14 Middlewares/STM32_USBD_Library/Core/usbd_core.o
                0x0800fdd0                USBD_LL_Suspend
 .text.USBD_LL_Resume
                0x0800fde4       0x10 Middlewares/STM32_USBD_Library/Core/usbd_core.o
                0x0800fde4                USBD_LL_Resume
 .text.USBD_LL_SOF
                0x0800fdf4       0x1c Middlewares/STM32_USBD_Library/Core/usbd_core.o
                0x0800fdf4                USBD_LL_SOF
 .text.USBD_LL_IsoINIncomplete
                0x0800fe10        0x4 Middlewares/STM32_USBD_Library/Core/usbd_core.o
                0x0800fe10                USBD_LL_IsoINIncomplete
 .text.USBD_LL_IsoOUTIncomplete
                0x0800fe14        0x4 Middlewares/STM32_USBD_Library/Core/usbd_core.o
                0x0800fe14                USBD_LL_IsoOUTIncomplete
 .text.USBD_LL_DevConnected
                0x0800fe18        0x4 Middlewares/STM32_USBD_Library/Core/usbd_core.o
                0x0800fe18                USBD_LL_DevConnected
 .text.USBD_LL_DevDisconnected
                0x0800fe1c       0x18 Middlewares/STM32_USBD_Library/Core/usbd_core.o
                0x0800fe1c                USBD_LL_DevDisconnected
 .text.USBD_StdDevReq
                0x0800fe34      0x2dc Middlewares/STM32_USBD_Library/Core/usbd_ctlreq.o
                0x0800fe34                USBD_StdDevReq
 .text.USBD_StdItfReq
                0x08010110       0x6c Middlewares/STM32_USBD_Library/Core/usbd_ctlreq.o
                0x08010110                USBD_StdItfReq
 .text.USBD_StdEPReq
                0x0801017c      0x14c Middlewares/STM32_USBD_Library/Core/usbd_ctlreq.o
                0x0801017c                USBD_StdEPReq
 .text.USBD_ParseSetupRequest
                0x080102c8       0x28 Middlewares/STM32_USBD_Library/Core/usbd_ctlreq.o
                0x080102c8                USBD_ParseSetupRequest
 .text.USBD_CtlSendData
                0x080102f0       0x1c Middlewares/STM32_USBD_Library/Core/usbd_ioreq.o
                0x080102f0                USBD_CtlSendData
 .text.USBD_CtlContinueSendData
                0x0801030c       0x10 Middlewares/STM32_USBD_Library/Core/usbd_ioreq.o
                0x0801030c                USBD_CtlContinueSendData
 .text.USBD_CtlContinueRx
                0x0801031c       0x10 Middlewares/STM32_USBD_Library/Core/usbd_ioreq.o
                0x0801031c                USBD_CtlContinueRx
 .text.USBD_CtlSendStatus
                0x0801032c       0x18 Middlewares/STM32_USBD_Library/Core/usbd_ioreq.o
                0x0801032c                USBD_CtlSendStatus
 .text.USBD_CtlReceiveStatus
                0x08010344       0x18 Middlewares/STM32_USBD_Library/Core/usbd_ioreq.o
                0x08010344                USBD_CtlReceiveStatus
 .text.__libc_init_array
                0x0801035c       0x48 d:/systemworkbench/plugins/fr.ac6.mcu.externaltools.arm-none.win32_1.15.0.201708311556/tools/compiler/bin/../lib/gcc/arm-none-eabi/6.3.1/../../../../arm-none-eabi/lib/thumb/v7e-m/fpv4-sp/hard\libc_nano.a(lib_a-init.o)
                0x0801035c                __libc_init_array
 .text.malloc   0x080103a4       0x10 d:/systemworkbench/plugins/fr.ac6.mcu.externaltools.arm-none.win32_1.15.0.201708311556/tools/compiler/bin/../lib/gcc/arm-none-eabi/6.3.1/../../../../arm-none-eabi/lib/thumb/v7e-m/fpv4-sp/hard\libc_nano.a(lib_a-malloc.o)
                0x080103a4                malloc
 .text.free     0x080103b4       0x10 d:/systemworkbench/plugins/fr.ac6.mcu.externaltools.arm-none.win32_1.15.0.201708311556/tools/compiler/bin/../lib/gcc/arm-none-eabi/6.3.1/../../../../arm-none-eabi/lib/thumb/v7e-m/fpv4-sp/hard\libc_nano.a(lib_a-malloc.o)
                0x080103b4                free
 .text.memcpy   0x080103c4       0x16 d:/systemworkbench/plugins/fr.ac6.mcu.externaltools.arm-none.win32_1.15.0.201708311556/tools/compiler/bin/../lib/gcc/arm-none-eabi/6.3.1/../../../../arm-none-eabi/lib/thumb/v7e-m/fpv4-sp/hard\libc_nano.a(lib_a-memcpy-stub.o)
                0x080103c4                memcpy
 .text.memset   0x080103da       0x10 d:/systemworkbench/plugins/fr.ac6.mcu.externaltools.arm-none.win32_1.15.0.201708311556/tools/compiler/bin/../lib/gcc/arm-none-eabi/6.3.1/../../../../arm-none-eabi/lib/thumb/v7e-m/fpv4-sp/hard\libc_nano.a(lib_a-memset.o)
                0x080103da                memset
 *fill*         0x080103ea        0x2 
 .text._free_r  0x080103ec       0x9c d:/systemworkbench/plugins/fr.ac6.mcu.externaltools.arm-none.win32_1.15.0.201708311556/tools/compiler/bin/../lib/gcc/arm-none-eabi/6.3.1/../../../../arm-none-eabi/lib/thumb/v7e-m/fpv4-sp/hard\libc_nano.a(lib_a-nano-freer.o)
                0x080103ec                _free_r
 .text._malloc_r
                0x08010488       0xbc d:/systemworkbench/plugins/fr.ac6.mcu.externaltools.arm-none.win32_1.15.0.201708311556/tools/compiler/bin/../lib/gcc/arm-none-eabi/6.3.1/../../../../arm-none-eabi/lib/thumb/v7e-m/fpv4-sp/hard\libc_nano.a(lib_a-nano-mallocr.o)